mode: set
github.com/amilcar-vasquez/impartBelize/cmd/api/context.go:14.78,19.2 2 1
github.com/amilcar-vasquez/impartBelize/cmd/api/context.go:21.58,23.12 2 0
github.com/amilcar-vasquez/impartBelize/cmd/api/context.go:23.12,24.55 1 0
github.com/amilcar-vasquez/impartBelize/cmd/api/context.go:27.5,27.16 1 0
github.com/amilcar-vasquez/impartBelize/cmd/api/districtHandlers.go:14.77,20.16 3 1
github.com/amilcar-vasquez/impartBelize/cmd/api/districtHandlers.go:20.16,23.3 2 1
github.com/amilcar-vasquez/impartBelize/cmd/api/districtHandlers.go:25.2,33.18 5 1
github.com/amilcar-vasquez/impartBelize/cmd/api/districtHandlers.go:33.18,36.3 2 1
github.com/amilcar-vasquez/impartBelize/cmd/api/districtHandlers.go:38.2,39.16 2 0
github.com/amilcar-vasquez/impartBelize/cmd/api/districtHandlers.go:39.16,42.3 2 0
github.com/amilcar-vasquez/impartBelize/cmd/api/districtHandlers.go:44.2,48.16 4 0
github.com/amilcar-vasquez/impartBelize/cmd/api/districtHandlers.go:48.16,50.3 1 0
github.com/amilcar-vasquez/impartBelize/cmd/api/districtHandlers.go:54.74,56.16 2 0
github.com/amilcar-vasquez/impartBelize/cmd/api/districtHandlers.go:56.16,59.3 2 0
github.com/amilcar-vasquez/impartBelize/cmd/api/districtHandlers.go:61.2,62.16 2 0
github.com/amilcar-vasquez/impartBelize/cmd/api/districtHandlers.go:62.16,63.10 1 0
github.com/amilcar-vasquez/impartBelize/cmd/api/districtHandlers.go:64.47,65.28 1 0
github.com/amilcar-vasquez/impartBelize/cmd/api/districtHandlers.go:66.11,67.36 1 0
github.com/amilcar-vasquez/impartBelize/cmd/api/districtHandlers.go:69.3,69.9 1 0
github.com/amilcar-vasquez/impartBelize/cmd/api/districtHandlers.go:72.2,73.16 2 0
github.com/amilcar-vasquez/impartBelize/cmd/api/districtHandlers.go:73.16,75.3 1 0
github.com/amilcar-vasquez/impartBelize/cmd/api/districtHandlers.go:79.78,81.16 2 0
github.com/amilcar-vasquez/impartBelize/cmd/api/districtHandlers.go:81.16,84.3 2 0
github.com/amilcar-vasquez/impartBelize/cmd/api/districtHandlers.go:86.2,95.16 3 0
github.com/amilcar-vasquez/impartBelize/cmd/api/districtHandlers.go:95.16,97.3 1 0
github.com/amilcar-vasquez/impartBelize/cmd/api/districtHandlers.go:101.77,103.16 2 0
github.com/amilcar-vasquez/impartBelize/cmd/api/districtHandlers.go:103.16,106.3 2 0
github.com/amilcar-vasquez/impartBelize/cmd/api/districtHandlers.go:108.2,109.16 2 0
github.com/amilcar-vasquez/impartBelize/cmd/api/districtHandlers.go:109.16,110.10 1 0
github.com/amilcar-vasquez/impartBelize/cmd/api/districtHandlers.go:111.47,112.28 1 0
github.com/amilcar-vasquez/impartBelize/cmd/api/districtHandlers.go:113.11,114.36 1 0
github.com/amilcar-vasquez/impartBelize/cmd/api/districtHandlers.go:116.3,116.9 1 0
github.com/amilcar-vasquez/impartBelize/cmd/api/districtHandlers.go:119.2,120.16 2 0
github.com/amilcar-vasquez/impartBelize/cmd/api/districtHandlers.go:120.16,122.3 1 0
github.com/amilcar-vasquez/impartBelize/cmd/api/documentHandlers.go:14.77,27.16 3 1
github.com/amilcar-vasquez/impartBelize/cmd/api/documentHandlers.go:27.16,30.3 2 0
github.com/amilcar-vasquez/impartBelize/cmd/api/documentHandlers.go:32.2,50.18 8 1
github.com/amilcar-vasquez/impartBelize/cmd/api/documentHandlers.go:50.18,53.3 2 1
github.com/amilcar-vasquez/impartBelize/cmd/api/documentHandlers.go:55.2,56.16 2 0
github.com/amilcar-vasquez/impartBelize/cmd/api/documentHandlers.go:56.16,59.3 2 0
github.com/amilcar-vasquez/impartBelize/cmd/api/documentHandlers.go:61.2,65.16 4 0
github.com/amilcar-vasquez/impartBelize/cmd/api/documentHandlers.go:65.16,67.3 1 0
github.com/amilcar-vasquez/impartBelize/cmd/api/documentHandlers.go:71.74,73.16 2 0
github.com/amilcar-vasquez/impartBelize/cmd/api/documentHandlers.go:73.16,76.3 2 0
github.com/amilcar-vasquez/impartBelize/cmd/api/documentHandlers.go:78.2,79.16 2 0
github.com/amilcar-vasquez/impartBelize/cmd/api/documentHandlers.go:79.16,80.10 1 0
github.com/amilcar-vasquez/impartBelize/cmd/api/documentHandlers.go:81.47,82.28 1 0
github.com/amilcar-vasquez/impartBelize/cmd/api/documentHandlers.go:83.11,84.36 1 0
github.com/amilcar-vasquez/impartBelize/cmd/api/documentHandlers.go:86.3,86.9 1 0
github.com/amilcar-vasquez/impartBelize/cmd/api/documentHandlers.go:89.2,90.16 2 0
github.com/amilcar-vasquez/impartBelize/cmd/api/documentHandlers.go:90.16,92.3 1 0
github.com/amilcar-vasquez/impartBelize/cmd/api/documentHandlers.go:96.84,98.16 2 0
github.com/amilcar-vasquez/impartBelize/cmd/api/documentHandlers.go:98.16,101.3 2 0
github.com/amilcar-vasquez/impartBelize/cmd/api/documentHandlers.go:103.2,104.16 2 0
github.com/amilcar-vasquez/impartBelize/cmd/api/documentHandlers.go:104.16,107.3 2 0
github.com/amilcar-vasquez/impartBelize/cmd/api/documentHandlers.go:109.2,110.16 2 0
github.com/amilcar-vasquez/impartBelize/cmd/api/documentHandlers.go:110.16,112.3 1 0
github.com/amilcar-vasquez/impartBelize/cmd/api/documentHandlers.go:116.77,118.16 2 0
github.com/amilcar-vasquez/impartBelize/cmd/api/documentHandlers.go:118.16,121.3 2 0
github.com/amilcar-vasquez/impartBelize/cmd/api/documentHandlers.go:123.2,124.16 2 0
github.com/amilcar-vasquez/impartBelize/cmd/api/documentHandlers.go:124.16,125.10 1 0
github.com/amilcar-vasquez/impartBelize/cmd/api/documentHandlers.go:126.47,127.28 1 0
github.com/amilcar-vasquez/impartBelize/cmd/api/documentHandlers.go:128.11,129.36 1 0
github.com/amilcar-vasquez/impartBelize/cmd/api/documentHandlers.go:131.3,131.9 1 0
github.com/amilcar-vasquez/impartBelize/cmd/api/documentHandlers.go:134.2,135.16 2 0
github.com/amilcar-vasquez/impartBelize/cmd/api/documentHandlers.go:135.16,137.3 1 0
github.com/amilcar-vasquez/impartBelize/cmd/api/educationHandlers.go:14.78,26.16 3 1
github.com/amilcar-vasquez/impartBelize/cmd/api/educationHandlers.go:26.16,29.3 2 0
github.com/amilcar-vasquez/impartBelize/cmd/api/educationHandlers.go:31.2,49.18 9 1
github.com/amilcar-vasquez/impartBelize/cmd/api/educationHandlers.go:49.18,52.3 2 1
github.com/amilcar-vasquez/impartBelize/cmd/api/educationHandlers.go:54.2,55.16 2 0
github.com/amilcar-vasquez/impartBelize/cmd/api/educationHandlers.go:55.16,58.3 2 0
github.com/amilcar-vasquez/impartBelize/cmd/api/educationHandlers.go:60.2,64.16 4 0
github.com/amilcar-vasquez/impartBelize/cmd/api/educationHandlers.go:64.16,66.3 1 0
github.com/amilcar-vasquez/impartBelize/cmd/api/educationHandlers.go:70.75,72.16 2 0
github.com/amilcar-vasquez/impartBelize/cmd/api/educationHandlers.go:72.16,75.3 2 0
github.com/amilcar-vasquez/impartBelize/cmd/api/educationHandlers.go:77.2,78.16 2 0
github.com/amilcar-vasquez/impartBelize/cmd/api/educationHandlers.go:78.16,79.10 1 0
github.com/amilcar-vasquez/impartBelize/cmd/api/educationHandlers.go:80.47,81.28 1 0
github.com/amilcar-vasquez/impartBelize/cmd/api/educationHandlers.go:82.11,83.36 1 0
github.com/amilcar-vasquez/impartBelize/cmd/api/educationHandlers.go:85.3,85.9 1 0
github.com/amilcar-vasquez/impartBelize/cmd/api/educationHandlers.go:88.2,89.16 2 0
github.com/amilcar-vasquez/impartBelize/cmd/api/educationHandlers.go:89.16,91.3 1 0
github.com/amilcar-vasquez/impartBelize/cmd/api/educationHandlers.go:95.84,97.16 2 0
github.com/amilcar-vasquez/impartBelize/cmd/api/educationHandlers.go:97.16,100.3 2 0
github.com/amilcar-vasquez/impartBelize/cmd/api/educationHandlers.go:102.2,103.16 2 0
github.com/amilcar-vasquez/impartBelize/cmd/api/educationHandlers.go:103.16,106.3 2 0
github.com/amilcar-vasquez/impartBelize/cmd/api/educationHandlers.go:108.2,109.16 2 0
github.com/amilcar-vasquez/impartBelize/cmd/api/educationHandlers.go:109.16,111.3 1 0
github.com/amilcar-vasquez/impartBelize/cmd/api/educationHandlers.go:115.78,117.16 2 0
github.com/amilcar-vasquez/impartBelize/cmd/api/educationHandlers.go:117.16,120.3 2 0
github.com/amilcar-vasquez/impartBelize/cmd/api/educationHandlers.go:122.2,123.16 2 0
github.com/amilcar-vasquez/impartBelize/cmd/api/educationHandlers.go:123.16,124.10 1 0
github.com/amilcar-vasquez/impartBelize/cmd/api/educationHandlers.go:125.47,126.28 1 0
github.com/amilcar-vasquez/impartBelize/cmd/api/educationHandlers.go:127.11,128.36 1 0
github.com/amilcar-vasquez/impartBelize/cmd/api/educationHandlers.go:130.3,130.9 1 0
github.com/amilcar-vasquez/impartBelize/cmd/api/educationHandlers.go:133.2,134.16 2 0
github.com/amilcar-vasquez/impartBelize/cmd/api/educationHandlers.go:134.16,136.3 1 0
github.com/amilcar-vasquez/impartBelize/cmd/api/errors.go:9.52,15.2 3 0
github.com/amilcar-vasquez/impartBelize/cmd/api/errors.go:18.98,21.16 3 1
github.com/amilcar-vasquez/impartBelize/cmd/api/errors.go:21.16,24.3 2 0
github.com/amilcar-vasquez/impartBelize/cmd/api/errors.go:30.13,37.2 3 0
github.com/amilcar-vasquez/impartBelize/cmd/api/errors.go:41.19,47.2 2 0
github.com/amilcar-vasquez/impartBelize/cmd/api/errors.go:52.19,59.2 2 0
github.com/amilcar-vasquez/impartBelize/cmd/api/errors.go:61.85,63.2 1 1
github.com/amilcar-vasquez/impartBelize/cmd/api/errors.go:65.106,67.2 1 1
github.com/amilcar-vasquez/impartBelize/cmd/api/errors.go:69.81,72.2 2 0
github.com/amilcar-vasquez/impartBelize/cmd/api/errors.go:74.76,77.2 2 0
github.com/amilcar-vasquez/impartBelize/cmd/api/errors.go:80.82,83.2 2 0
github.com/amilcar-vasquez/impartBelize/cmd/api/errors.go:85.90,90.2 3 0
github.com/amilcar-vasquez/impartBelize/cmd/api/errors.go:92.86,95.2 2 0
github.com/amilcar-vasquez/impartBelize/cmd/api/errors.go:97.79,100.2 2 0
github.com/amilcar-vasquez/impartBelize/cmd/api/errors.go:104.73,108.2 2 0
github.com/amilcar-vasquez/impartBelize/cmd/api/healthcheck.go:7.74,17.16 3 0
github.com/amilcar-vasquez/impartBelize/cmd/api/healthcheck.go:17.16,19.3 1 0
github.com/amilcar-vasquez/impartBelize/cmd/api/helpers.go:22.102,24.19 2 1
github.com/amilcar-vasquez/impartBelize/cmd/api/helpers.go:24.19,26.6 1 0
github.com/amilcar-vasquez/impartBelize/cmd/api/helpers.go:28.2,30.37 2 1
github.com/amilcar-vasquez/impartBelize/cmd/api/helpers.go:30.37,32.6 1 0
github.com/amilcar-vasquez/impartBelize/cmd/api/helpers.go:34.5,38.19 4 1
github.com/amilcar-vasquez/impartBelize/cmd/api/helpers.go:38.19,40.6 1 0
github.com/amilcar-vasquez/impartBelize/cmd/api/helpers.go:42.5,42.15 1 1
github.com/amilcar-vasquez/impartBelize/cmd/api/helpers.go:45.87,55.16 6 1
github.com/amilcar-vasquez/impartBelize/cmd/api/helpers.go:55.16,62.10 5 1
github.com/amilcar-vasquez/impartBelize/cmd/api/helpers.go:63.38,64.110 1 1
github.com/amilcar-vasquez/impartBelize/cmd/api/helpers.go:66.45,67.61 1 0
github.com/amilcar-vasquez/impartBelize/cmd/api/helpers.go:69.45,70.39 1 0
github.com/amilcar-vasquez/impartBelize/cmd/api/helpers.go:70.39,72.6 1 0
github.com/amilcar-vasquez/impartBelize/cmd/api/helpers.go:73.5,73.112 1 0
github.com/amilcar-vasquez/impartBelize/cmd/api/helpers.go:75.32,76.52 1 0
github.com/amilcar-vasquez/impartBelize/cmd/api/helpers.go:79.64,82.65 2 0
github.com/amilcar-vasquez/impartBelize/cmd/api/helpers.go:85.40,86.88 1 0
github.com/amilcar-vasquez/impartBelize/cmd/api/helpers.go:89.48,90.15 1 0
github.com/amilcar-vasquez/impartBelize/cmd/api/helpers.go:92.12,93.15 1 0
github.com/amilcar-vasquez/impartBelize/cmd/api/helpers.go:96.2,97.29 2 1
github.com/amilcar-vasquez/impartBelize/cmd/api/helpers.go:97.29,99.3 1 0
github.com/amilcar-vasquez/impartBelize/cmd/api/helpers.go:100.2,100.12 1 1
github.com/amilcar-vasquez/impartBelize/cmd/api/helpers.go:103.58,108.27 3 0
github.com/amilcar-vasquez/impartBelize/cmd/api/helpers.go:108.27,110.4 1 0
github.com/amilcar-vasquez/impartBelize/cmd/api/helpers.go:112.3,112.17 1 0
github.com/amilcar-vasquez/impartBelize/cmd/api/helpers.go:118.62,121.21 2 0
github.com/amilcar-vasquez/impartBelize/cmd/api/helpers.go:121.21,123.6 1 0
github.com/amilcar-vasquez/impartBelize/cmd/api/helpers.go:124.5,124.18 1 0
github.com/amilcar-vasquez/impartBelize/cmd/api/helpers.go:131.66,135.21 2 0
github.com/amilcar-vasquez/impartBelize/cmd/api/helpers.go:135.21,137.6 1 0
github.com/amilcar-vasquez/impartBelize/cmd/api/helpers.go:138.5,138.38 1 0
github.com/amilcar-vasquez/impartBelize/cmd/api/helpers.go:147.62,149.21 2 0
github.com/amilcar-vasquez/impartBelize/cmd/api/helpers.go:149.21,151.6 1 0
github.com/amilcar-vasquez/impartBelize/cmd/api/helpers.go:153.4,154.18 2 0
github.com/amilcar-vasquez/impartBelize/cmd/api/helpers.go:154.18,157.5 2 0
github.com/amilcar-vasquez/impartBelize/cmd/api/helpers.go:159.4,159.19 1 0
github.com/amilcar-vasquez/impartBelize/cmd/api/helpers.go:163.37,165.15 2 0
github.com/amilcar-vasquez/impartBelize/cmd/api/helpers.go:165.15,167.22 2 0
github.com/amilcar-vasquez/impartBelize/cmd/api/helpers.go:167.22,169.26 2 0
github.com/amilcar-vasquez/impartBelize/cmd/api/helpers.go:169.26,171.14 1 0
github.com/amilcar-vasquez/impartBelize/cmd/api/helpers.go:173.8,173.12 1 0
github.com/amilcar-vasquez/impartBelize/cmd/api/helpers.go:180.91,183.16 2 0
github.com/amilcar-vasquez/impartBelize/cmd/api/helpers.go:183.16,185.3 1 0
github.com/amilcar-vasquez/impartBelize/cmd/api/helpers.go:188.2,188.108 1 0
github.com/amilcar-vasquez/impartBelize/cmd/api/helpers.go:188.108,190.3 1 0
github.com/amilcar-vasquez/impartBelize/cmd/api/helpers.go:193.2,193.32 1 0
github.com/amilcar-vasquez/impartBelize/cmd/api/helpers.go:193.32,195.3 1 0
github.com/amilcar-vasquez/impartBelize/cmd/api/helpers.go:198.2,198.19 1 0
github.com/amilcar-vasquez/impartBelize/cmd/api/institutionHandlers.go:14.80,22.16 3 1
github.com/amilcar-vasquez/impartBelize/cmd/api/institutionHandlers.go:22.16,25.3 2 0
github.com/amilcar-vasquez/impartBelize/cmd/api/institutionHandlers.go:27.2,37.18 5 1
github.com/amilcar-vasquez/impartBelize/cmd/api/institutionHandlers.go:37.18,40.3 2 1
github.com/amilcar-vasquez/impartBelize/cmd/api/institutionHandlers.go:42.2,43.16 2 0
github.com/amilcar-vasquez/impartBelize/cmd/api/institutionHandlers.go:43.16,46.3 2 0
github.com/amilcar-vasquez/impartBelize/cmd/api/institutionHandlers.go:48.2,52.16 4 0
github.com/amilcar-vasquez/impartBelize/cmd/api/institutionHandlers.go:52.16,54.3 1 0
github.com/amilcar-vasquez/impartBelize/cmd/api/institutionHandlers.go:58.77,60.16 2 0
github.com/amilcar-vasquez/impartBelize/cmd/api/institutionHandlers.go:60.16,63.3 2 0
github.com/amilcar-vasquez/impartBelize/cmd/api/institutionHandlers.go:65.2,66.16 2 0
github.com/amilcar-vasquez/impartBelize/cmd/api/institutionHandlers.go:66.16,67.10 1 0
github.com/amilcar-vasquez/impartBelize/cmd/api/institutionHandlers.go:68.47,69.28 1 0
github.com/amilcar-vasquez/impartBelize/cmd/api/institutionHandlers.go:70.11,71.36 1 0
github.com/amilcar-vasquez/impartBelize/cmd/api/institutionHandlers.go:73.3,73.9 1 0
github.com/amilcar-vasquez/impartBelize/cmd/api/institutionHandlers.go:76.2,77.16 2 0
github.com/amilcar-vasquez/impartBelize/cmd/api/institutionHandlers.go:77.16,79.3 1 0
github.com/amilcar-vasquez/impartBelize/cmd/api/institutionHandlers.go:83.81,85.16 2 0
github.com/amilcar-vasquez/impartBelize/cmd/api/institutionHandlers.go:85.16,88.3 2 0
github.com/amilcar-vasquez/impartBelize/cmd/api/institutionHandlers.go:90.2,99.16 3 0
github.com/amilcar-vasquez/impartBelize/cmd/api/institutionHandlers.go:99.16,101.3 1 0
github.com/amilcar-vasquez/impartBelize/cmd/api/institutionHandlers.go:105.80,107.16 2 0
github.com/amilcar-vasquez/impartBelize/cmd/api/institutionHandlers.go:107.16,110.3 2 0
github.com/amilcar-vasquez/impartBelize/cmd/api/institutionHandlers.go:112.2,113.16 2 0
github.com/amilcar-vasquez/impartBelize/cmd/api/institutionHandlers.go:113.16,114.10 1 0
github.com/amilcar-vasquez/impartBelize/cmd/api/institutionHandlers.go:115.47,116.28 1 0
github.com/amilcar-vasquez/impartBelize/cmd/api/institutionHandlers.go:117.11,118.36 1 0
github.com/amilcar-vasquez/impartBelize/cmd/api/institutionHandlers.go:120.3,120.9 1 0
github.com/amilcar-vasquez/impartBelize/cmd/api/institutionHandlers.go:123.2,124.16 2 0
github.com/amilcar-vasquez/impartBelize/cmd/api/institutionHandlers.go:124.16,126.3 1 0
github.com/amilcar-vasquez/impartBelize/cmd/api/main.go:64.33,75.22 6 0
github.com/amilcar-vasquez/impartBelize/cmd/api/main.go:75.22,77.3 1 0
github.com/amilcar-vasquez/impartBelize/cmd/api/main.go:78.2,82.26 2 0
github.com/amilcar-vasquez/impartBelize/cmd/api/main.go:82.26,85.4 2 0
github.com/amilcar-vasquez/impartBelize/cmd/api/main.go:88.2,101.12 10 0
github.com/amilcar-vasquez/impartBelize/cmd/api/main.go:105.33,108.51 2 0
github.com/amilcar-vasquez/impartBelize/cmd/api/main.go:108.51,111.3 1 0
github.com/amilcar-vasquez/impartBelize/cmd/api/main.go:114.2,119.16 2 0
github.com/amilcar-vasquez/impartBelize/cmd/api/main.go:119.16,122.3 1 0
github.com/amilcar-vasquez/impartBelize/cmd/api/main.go:125.2,128.15 3 0
github.com/amilcar-vasquez/impartBelize/cmd/api/main.go:132.54,134.16 2 0
github.com/amilcar-vasquez/impartBelize/cmd/api/main.go:134.16,136.3 1 0
github.com/amilcar-vasquez/impartBelize/cmd/api/main.go:139.2,144.16 4 0
github.com/amilcar-vasquez/impartBelize/cmd/api/main.go:144.16,146.3 1 0
github.com/amilcar-vasquez/impartBelize/cmd/api/main.go:148.2,148.16 1 0
github.com/amilcar-vasquez/impartBelize/cmd/api/main.go:151.13,160.16 4 0
github.com/amilcar-vasquez/impartBelize/cmd/api/main.go:160.16,163.3 2 0
github.com/amilcar-vasquez/impartBelize/cmd/api/main.go:164.2,177.54 5 0
github.com/amilcar-vasquez/impartBelize/cmd/api/main.go:177.54,177.87 1 0
github.com/amilcar-vasquez/impartBelize/cmd/api/main.go:178.2,178.52 1 0
github.com/amilcar-vasquez/impartBelize/cmd/api/main.go:178.52,178.73 1 0
github.com/amilcar-vasquez/impartBelize/cmd/api/main.go:180.2,181.16 2 0
github.com/amilcar-vasquez/impartBelize/cmd/api/main.go:181.16,184.3 2 0
github.com/amilcar-vasquez/impartBelize/cmd/api/middleware.go:17.60,18.71 1 0
github.com/amilcar-vasquez/impartBelize/cmd/api/middleware.go:18.71,19.16 1 0
github.com/amilcar-vasquez/impartBelize/cmd/api/middleware.go:19.16,20.36 1 0
github.com/amilcar-vasquez/impartBelize/cmd/api/middleware.go:20.36,23.5 2 0
github.com/amilcar-vasquez/impartBelize/cmd/api/middleware.go:25.3,25.23 1 0
github.com/amilcar-vasquez/impartBelize/cmd/api/middleware.go:29.58,30.71 1 0
github.com/amilcar-vasquez/impartBelize/cmd/api/middleware.go:30.71,36.19 4 0
github.com/amilcar-vasquez/impartBelize/cmd/api/middleware.go:36.19,38.48 1 0
github.com/amilcar-vasquez/impartBelize/cmd/api/middleware.go:38.48,43.26 3 0
github.com/amilcar-vasquez/impartBelize/cmd/api/middleware.go:43.26,45.6 1 0
github.com/amilcar-vasquez/impartBelize/cmd/api/middleware.go:45.11,45.46 1 0
github.com/amilcar-vasquez/impartBelize/cmd/api/middleware.go:45.46,48.44 2 0
github.com/amilcar-vasquez/impartBelize/cmd/api/middleware.go:48.44,50.7 1 0
github.com/amilcar-vasquez/impartBelize/cmd/api/middleware.go:53.5,53.16 1 0
github.com/amilcar-vasquez/impartBelize/cmd/api/middleware.go:53.16,59.31 5 0
github.com/amilcar-vasquez/impartBelize/cmd/api/middleware.go:59.31,62.7 2 0
github.com/amilcar-vasquez/impartBelize/cmd/api/middleware.go:63.6,63.11 1 0
github.com/amilcar-vasquez/impartBelize/cmd/api/middleware.go:67.3,67.23 1 0
github.com/amilcar-vasquez/impartBelize/cmd/api/middleware.go:71.57,80.12 4 0
github.com/amilcar-vasquez/impartBelize/cmd/api/middleware.go:80.12,81.7 1 0
github.com/amilcar-vasquez/impartBelize/cmd/api/middleware.go:81.7,85.36 3 0
github.com/amilcar-vasquez/impartBelize/cmd/api/middleware.go:85.36,86.52 1 0
github.com/amilcar-vasquez/impartBelize/cmd/api/middleware.go:86.52,88.6 1 0
github.com/amilcar-vasquez/impartBelize/cmd/api/middleware.go:90.4,90.15 1 0
github.com/amilcar-vasquez/impartBelize/cmd/api/middleware.go:94.2,94.71 1 0
github.com/amilcar-vasquez/impartBelize/cmd/api/middleware.go:94.71,95.31 1 0
github.com/amilcar-vasquez/impartBelize/cmd/api/middleware.go:95.31,97.18 2 0
github.com/amilcar-vasquez/impartBelize/cmd/api/middleware.go:97.18,100.5 2 0
github.com/amilcar-vasquez/impartBelize/cmd/api/middleware.go:102.4,105.14 3 0
github.com/amilcar-vasquez/impartBelize/cmd/api/middleware.go:105.14,107.5 1 0
github.com/amilcar-vasquez/impartBelize/cmd/api/middleware.go:109.4,111.36 2 0
github.com/amilcar-vasquez/impartBelize/cmd/api/middleware.go:111.36,115.5 3 0
github.com/amilcar-vasquez/impartBelize/cmd/api/middleware.go:117.4,117.15 1 0
github.com/amilcar-vasquez/impartBelize/cmd/api/middleware.go:119.3,119.23 1 0
github.com/amilcar-vasquez/impartBelize/cmd/api/middleware.go:123.60,124.71 1 0
github.com/amilcar-vasquez/impartBelize/cmd/api/middleware.go:124.71,132.32 3 0
github.com/amilcar-vasquez/impartBelize/cmd/api/middleware.go:132.32,136.4 3 0
github.com/amilcar-vasquez/impartBelize/cmd/api/middleware.go:138.3,139.58 2 0
github.com/amilcar-vasquez/impartBelize/cmd/api/middleware.go:139.58,142.4 2 0
github.com/amilcar-vasquez/impartBelize/cmd/api/middleware.go:145.3,149.19 4 0
github.com/amilcar-vasquez/impartBelize/cmd/api/middleware.go:149.19,152.4 2 0
github.com/amilcar-vasquez/impartBelize/cmd/api/middleware.go:155.3,156.17 2 0
github.com/amilcar-vasquez/impartBelize/cmd/api/middleware.go:156.17,157.11 1 0
github.com/amilcar-vasquez/impartBelize/cmd/api/middleware.go:158.48,159.47 1 0
github.com/amilcar-vasquez/impartBelize/cmd/api/middleware.go:160.12,161.37 1 0
github.com/amilcar-vasquez/impartBelize/cmd/api/middleware.go:163.4,163.10 1 0
github.com/amilcar-vasquez/impartBelize/cmd/api/middleware.go:166.3,169.23 2 0
github.com/amilcar-vasquez/impartBelize/cmd/api/middleware.go:173.80,174.71 1 0
github.com/amilcar-vasquez/impartBelize/cmd/api/middleware.go:174.71,178.25 2 0
github.com/amilcar-vasquez/impartBelize/cmd/api/middleware.go:178.25,181.4 2 0
github.com/amilcar-vasquez/impartBelize/cmd/api/middleware.go:182.3,182.23 1 0
github.com/amilcar-vasquez/impartBelize/cmd/api/middleware.go:186.76,187.70 1 0
github.com/amilcar-vasquez/impartBelize/cmd/api/middleware.go:187.70,190.21 2 0
github.com/amilcar-vasquez/impartBelize/cmd/api/middleware.go:190.21,193.4 2 0
github.com/amilcar-vasquez/impartBelize/cmd/api/middleware.go:195.3,195.23 1 0
github.com/amilcar-vasquez/impartBelize/cmd/api/middleware.go:197.2,197.39 1 0
github.com/amilcar-vasquez/impartBelize/cmd/api/middleware.go:202.84,203.53 1 0
github.com/amilcar-vasquez/impartBelize/cmd/api/middleware.go:203.53,208.17 3 0
github.com/amilcar-vasquez/impartBelize/cmd/api/middleware.go:208.17,211.4 2 0
github.com/amilcar-vasquez/impartBelize/cmd/api/middleware.go:214.3,214.32 1 0
github.com/amilcar-vasquez/impartBelize/cmd/api/middleware.go:214.32,217.4 2 0
github.com/amilcar-vasquez/impartBelize/cmd/api/middleware.go:220.3,220.23 1 0
github.com/amilcar-vasquez/impartBelize/cmd/api/middleware.go:223.2,223.35 1 0
github.com/amilcar-vasquez/impartBelize/cmd/api/middleware.go:227.90,228.53 1 0
github.com/amilcar-vasquez/impartBelize/cmd/api/middleware.go:228.53,233.17 3 0
github.com/amilcar-vasquez/impartBelize/cmd/api/middleware.go:233.17,236.4 2 0
github.com/amilcar-vasquez/impartBelize/cmd/api/middleware.go:239.3,240.41 2 0
github.com/amilcar-vasquez/impartBelize/cmd/api/middleware.go:240.41,241.36 1 0
github.com/amilcar-vasquez/impartBelize/cmd/api/middleware.go:241.36,243.10 2 0
github.com/amilcar-vasquez/impartBelize/cmd/api/middleware.go:247.3,247.15 1 0
github.com/amilcar-vasquez/impartBelize/cmd/api/middleware.go:247.15,250.4 2 0
github.com/amilcar-vasquez/impartBelize/cmd/api/middleware.go:253.3,253.23 1 0
github.com/amilcar-vasquez/impartBelize/cmd/api/middleware.go:256.2,256.35 1 0
github.com/amilcar-vasquez/impartBelize/cmd/api/notificationHandlers.go:14.81,22.16 3 1
github.com/amilcar-vasquez/impartBelize/cmd/api/notificationHandlers.go:22.16,25.3 2 0
github.com/amilcar-vasquez/impartBelize/cmd/api/notificationHandlers.go:27.2,34.32 2 1
github.com/amilcar-vasquez/impartBelize/cmd/api/notificationHandlers.go:34.32,36.3 1 1
github.com/amilcar-vasquez/impartBelize/cmd/api/notificationHandlers.go:38.2,43.18 5 1
github.com/amilcar-vasquez/impartBelize/cmd/api/notificationHandlers.go:43.18,46.3 2 1
github.com/amilcar-vasquez/impartBelize/cmd/api/notificationHandlers.go:48.2,49.16 2 0
github.com/amilcar-vasquez/impartBelize/cmd/api/notificationHandlers.go:49.16,52.3 2 0
github.com/amilcar-vasquez/impartBelize/cmd/api/notificationHandlers.go:54.2,58.16 4 0
github.com/amilcar-vasquez/impartBelize/cmd/api/notificationHandlers.go:58.16,60.3 1 0
github.com/amilcar-vasquez/impartBelize/cmd/api/notificationHandlers.go:64.78,66.16 2 0
github.com/amilcar-vasquez/impartBelize/cmd/api/notificationHandlers.go:66.16,69.3 2 0
github.com/amilcar-vasquez/impartBelize/cmd/api/notificationHandlers.go:71.2,72.16 2 0
github.com/amilcar-vasquez/impartBelize/cmd/api/notificationHandlers.go:72.16,73.10 1 0
github.com/amilcar-vasquez/impartBelize/cmd/api/notificationHandlers.go:74.47,75.28 1 0
github.com/amilcar-vasquez/impartBelize/cmd/api/notificationHandlers.go:76.11,77.36 1 0
github.com/amilcar-vasquez/impartBelize/cmd/api/notificationHandlers.go:79.3,79.9 1 0
github.com/amilcar-vasquez/impartBelize/cmd/api/notificationHandlers.go:82.2,83.16 2 0
github.com/amilcar-vasquez/impartBelize/cmd/api/notificationHandlers.go:83.16,85.3 1 0
github.com/amilcar-vasquez/impartBelize/cmd/api/notificationHandlers.go:89.85,91.16 2 0
github.com/amilcar-vasquez/impartBelize/cmd/api/notificationHandlers.go:91.16,94.3 2 0
github.com/amilcar-vasquez/impartBelize/cmd/api/notificationHandlers.go:96.2,97.16 2 0
github.com/amilcar-vasquez/impartBelize/cmd/api/notificationHandlers.go:97.16,100.3 2 0
github.com/amilcar-vasquez/impartBelize/cmd/api/notificationHandlers.go:102.2,103.16 2 0
github.com/amilcar-vasquez/impartBelize/cmd/api/notificationHandlers.go:103.16,105.3 1 0
github.com/amilcar-vasquez/impartBelize/cmd/api/notificationHandlers.go:109.85,111.16 2 0
github.com/amilcar-vasquez/impartBelize/cmd/api/notificationHandlers.go:111.16,114.3 2 0
github.com/amilcar-vasquez/impartBelize/cmd/api/notificationHandlers.go:119.2,120.16 2 0
github.com/amilcar-vasquez/impartBelize/cmd/api/notificationHandlers.go:120.16,122.3 1 0
github.com/amilcar-vasquez/impartBelize/cmd/api/notificationHandlers.go:126.81,128.16 2 0
github.com/amilcar-vasquez/impartBelize/cmd/api/notificationHandlers.go:128.16,131.3 2 0
github.com/amilcar-vasquez/impartBelize/cmd/api/notificationHandlers.go:133.2,134.16 2 0
github.com/amilcar-vasquez/impartBelize/cmd/api/notificationHandlers.go:134.16,135.10 1 0
github.com/amilcar-vasquez/impartBelize/cmd/api/notificationHandlers.go:136.47,137.28 1 0
github.com/amilcar-vasquez/impartBelize/cmd/api/notificationHandlers.go:138.11,139.36 1 0
github.com/amilcar-vasquez/impartBelize/cmd/api/notificationHandlers.go:141.3,141.9 1 0
github.com/amilcar-vasquez/impartBelize/cmd/api/notificationHandlers.go:144.2,145.16 2 0
github.com/amilcar-vasquez/impartBelize/cmd/api/notificationHandlers.go:145.16,147.3 1 0
github.com/amilcar-vasquez/impartBelize/cmd/api/qualificationHandlers.go:14.82,25.16 3 1
github.com/amilcar-vasquez/impartBelize/cmd/api/qualificationHandlers.go:25.16,28.3 2 0
github.com/amilcar-vasquez/impartBelize/cmd/api/qualificationHandlers.go:30.2,45.18 7 1
github.com/amilcar-vasquez/impartBelize/cmd/api/qualificationHandlers.go:45.18,48.3 2 1
github.com/amilcar-vasquez/impartBelize/cmd/api/qualificationHandlers.go:50.2,51.16 2 0
github.com/amilcar-vasquez/impartBelize/cmd/api/qualificationHandlers.go:51.16,54.3 2 0
github.com/amilcar-vasquez/impartBelize/cmd/api/qualificationHandlers.go:56.2,60.16 4 0
github.com/amilcar-vasquez/impartBelize/cmd/api/qualificationHandlers.go:60.16,62.3 1 0
github.com/amilcar-vasquez/impartBelize/cmd/api/qualificationHandlers.go:66.89,68.16 2 0
github.com/amilcar-vasquez/impartBelize/cmd/api/qualificationHandlers.go:68.16,71.3 2 0
github.com/amilcar-vasquez/impartBelize/cmd/api/qualificationHandlers.go:73.2,74.16 2 0
github.com/amilcar-vasquez/impartBelize/cmd/api/qualificationHandlers.go:74.16,77.3 2 0
github.com/amilcar-vasquez/impartBelize/cmd/api/qualificationHandlers.go:79.2,80.16 2 0
github.com/amilcar-vasquez/impartBelize/cmd/api/qualificationHandlers.go:80.16,82.3 1 0
github.com/amilcar-vasquez/impartBelize/cmd/api/qualificationHandlers.go:86.82,88.16 2 0
github.com/amilcar-vasquez/impartBelize/cmd/api/qualificationHandlers.go:88.16,91.3 2 0
github.com/amilcar-vasquez/impartBelize/cmd/api/qualificationHandlers.go:93.2,94.16 2 0
github.com/amilcar-vasquez/impartBelize/cmd/api/qualificationHandlers.go:94.16,95.10 1 0
github.com/amilcar-vasquez/impartBelize/cmd/api/qualificationHandlers.go:96.47,97.28 1 0
github.com/amilcar-vasquez/impartBelize/cmd/api/qualificationHandlers.go:98.11,99.36 1 0
github.com/amilcar-vasquez/impartBelize/cmd/api/qualificationHandlers.go:101.3,101.9 1 0
github.com/amilcar-vasquez/impartBelize/cmd/api/qualificationHandlers.go:104.2,105.16 2 0
github.com/amilcar-vasquez/impartBelize/cmd/api/qualificationHandlers.go:105.16,107.3 1 0
github.com/amilcar-vasquez/impartBelize/cmd/api/roleHandlers.go:14.73,20.16 3 0
github.com/amilcar-vasquez/impartBelize/cmd/api/roleHandlers.go:20.16,23.3 2 0
github.com/amilcar-vasquez/impartBelize/cmd/api/roleHandlers.go:25.2,30.46 3 0
github.com/amilcar-vasquez/impartBelize/cmd/api/roleHandlers.go:30.46,33.3 2 0
github.com/amilcar-vasquez/impartBelize/cmd/api/roleHandlers.go:35.2,36.16 2 0
github.com/amilcar-vasquez/impartBelize/cmd/api/roleHandlers.go:36.16,39.3 2 0
github.com/amilcar-vasquez/impartBelize/cmd/api/roleHandlers.go:41.2,45.16 4 0
github.com/amilcar-vasquez/impartBelize/cmd/api/roleHandlers.go:45.16,47.3 1 0
github.com/amilcar-vasquez/impartBelize/cmd/api/roleHandlers.go:51.70,53.16 2 0
github.com/amilcar-vasquez/impartBelize/cmd/api/roleHandlers.go:53.16,56.3 2 0
github.com/amilcar-vasquez/impartBelize/cmd/api/roleHandlers.go:58.2,59.16 2 0
github.com/amilcar-vasquez/impartBelize/cmd/api/roleHandlers.go:59.16,60.10 1 0
github.com/amilcar-vasquez/impartBelize/cmd/api/roleHandlers.go:61.47,62.28 1 0
github.com/amilcar-vasquez/impartBelize/cmd/api/roleHandlers.go:63.11,64.36 1 0
github.com/amilcar-vasquez/impartBelize/cmd/api/roleHandlers.go:66.3,66.9 1 0
github.com/amilcar-vasquez/impartBelize/cmd/api/roleHandlers.go:69.2,70.16 2 0
github.com/amilcar-vasquez/impartBelize/cmd/api/roleHandlers.go:70.16,72.3 1 0
github.com/amilcar-vasquez/impartBelize/cmd/api/roleHandlers.go:76.74,90.58 8 0
github.com/amilcar-vasquez/impartBelize/cmd/api/roleHandlers.go:90.58,93.3 2 0
github.com/amilcar-vasquez/impartBelize/cmd/api/roleHandlers.go:95.2,96.16 2 0
github.com/amilcar-vasquez/impartBelize/cmd/api/roleHandlers.go:96.16,99.3 2 0
github.com/amilcar-vasquez/impartBelize/cmd/api/roleHandlers.go:102.2,111.16 3 0
github.com/amilcar-vasquez/impartBelize/cmd/api/roleHandlers.go:111.16,113.3 1 0
github.com/amilcar-vasquez/impartBelize/cmd/api/roleHandlers.go:117.73,119.16 2 0
github.com/amilcar-vasquez/impartBelize/cmd/api/roleHandlers.go:119.16,122.3 2 0
github.com/amilcar-vasquez/impartBelize/cmd/api/roleHandlers.go:124.2,125.16 2 0
github.com/amilcar-vasquez/impartBelize/cmd/api/roleHandlers.go:125.16,126.10 1 0
github.com/amilcar-vasquez/impartBelize/cmd/api/roleHandlers.go:127.47,128.28 1 0
github.com/amilcar-vasquez/impartBelize/cmd/api/roleHandlers.go:129.11,130.36 1 0
github.com/amilcar-vasquez/impartBelize/cmd/api/roleHandlers.go:132.3,132.9 1 0
github.com/amilcar-vasquez/impartBelize/cmd/api/roleHandlers.go:135.2,140.16 3 0
github.com/amilcar-vasquez/impartBelize/cmd/api/roleHandlers.go:140.16,143.3 2 0
github.com/amilcar-vasquez/impartBelize/cmd/api/roleHandlers.go:145.2,145.27 1 0
github.com/amilcar-vasquez/impartBelize/cmd/api/roleHandlers.go:145.27,147.3 1 0
github.com/amilcar-vasquez/impartBelize/cmd/api/roleHandlers.go:149.2,150.46 2 0
github.com/amilcar-vasquez/impartBelize/cmd/api/roleHandlers.go:150.46,153.3 2 0
github.com/amilcar-vasquez/impartBelize/cmd/api/roleHandlers.go:155.2,156.16 2 0
github.com/amilcar-vasquez/impartBelize/cmd/api/roleHandlers.go:156.16,157.10 1 0
github.com/amilcar-vasquez/impartBelize/cmd/api/roleHandlers.go:158.47,159.28 1 0
github.com/amilcar-vasquez/impartBelize/cmd/api/roleHandlers.go:160.11,161.36 1 0
github.com/amilcar-vasquez/impartBelize/cmd/api/roleHandlers.go:163.3,163.9 1 0
github.com/amilcar-vasquez/impartBelize/cmd/api/roleHandlers.go:166.2,167.16 2 0
github.com/amilcar-vasquez/impartBelize/cmd/api/roleHandlers.go:167.16,169.3 1 0
github.com/amilcar-vasquez/impartBelize/cmd/api/roleHandlers.go:173.73,175.16 2 0
github.com/amilcar-vasquez/impartBelize/cmd/api/roleHandlers.go:175.16,178.3 2 0
github.com/amilcar-vasquez/impartBelize/cmd/api/roleHandlers.go:180.2,181.16 2 0
github.com/amilcar-vasquez/impartBelize/cmd/api/roleHandlers.go:181.16,182.10 1 0
github.com/amilcar-vasquez/impartBelize/cmd/api/roleHandlers.go:183.47,184.28 1 0
github.com/amilcar-vasquez/impartBelize/cmd/api/roleHandlers.go:185.11,186.36 1 0
github.com/amilcar-vasquez/impartBelize/cmd/api/roleHandlers.go:188.3,188.9 1 0
github.com/amilcar-vasquez/impartBelize/cmd/api/roleHandlers.go:191.2,192.16 2 0
github.com/amilcar-vasquez/impartBelize/cmd/api/roleHandlers.go:192.16,194.3 1 0
github.com/amilcar-vasquez/impartBelize/cmd/api/routes.go:10.37,135.2 51 0
github.com/amilcar-vasquez/impartBelize/cmd/api/server.go:15.31,27.12 3 0
github.com/amilcar-vasquez/impartBelize/cmd/api/server.go:27.12,38.17 8 0
github.com/amilcar-vasquez/impartBelize/cmd/api/server.go:38.17,40.4 1 0
github.com/amilcar-vasquez/impartBelize/cmd/api/server.go:43.3,45.23 3 0
github.com/amilcar-vasquez/impartBelize/cmd/api/server.go:48.2,51.43 3 0
github.com/amilcar-vasquez/impartBelize/cmd/api/server.go:51.43,53.3 1 0
github.com/amilcar-vasquez/impartBelize/cmd/api/server.go:55.2,56.16 2 0
github.com/amilcar-vasquez/impartBelize/cmd/api/server.go:56.16,58.3 1 0
github.com/amilcar-vasquez/impartBelize/cmd/api/server.go:60.2,61.12 2 0
github.com/amilcar-vasquez/impartBelize/cmd/api/teacherHandlers.go:15.76,32.16 3 1
github.com/amilcar-vasquez/impartBelize/cmd/api/teacherHandlers.go:32.16,35.3 2 0
github.com/amilcar-vasquez/impartBelize/cmd/api/teacherHandlers.go:38.2,39.21 2 1
github.com/amilcar-vasquez/impartBelize/cmd/api/teacherHandlers.go:39.21,41.17 2 0
github.com/amilcar-vasquez/impartBelize/cmd/api/teacherHandlers.go:41.17,44.4 2 0
github.com/amilcar-vasquez/impartBelize/cmd/api/teacherHandlers.go:45.3,45.19 1 0
github.com/amilcar-vasquez/impartBelize/cmd/api/teacherHandlers.go:48.2,63.33 2 1
github.com/amilcar-vasquez/impartBelize/cmd/api/teacherHandlers.go:63.33,65.3 1 1
github.com/amilcar-vasquez/impartBelize/cmd/api/teacherHandlers.go:67.2,77.18 10 1
github.com/amilcar-vasquez/impartBelize/cmd/api/teacherHandlers.go:77.18,80.3 2 1
github.com/amilcar-vasquez/impartBelize/cmd/api/teacherHandlers.go:82.2,83.16 2 0
github.com/amilcar-vasquez/impartBelize/cmd/api/teacherHandlers.go:83.16,88.3 3 0
github.com/amilcar-vasquez/impartBelize/cmd/api/teacherHandlers.go:90.2,94.16 4 0
github.com/amilcar-vasquez/impartBelize/cmd/api/teacherHandlers.go:94.16,96.3 1 0
github.com/amilcar-vasquez/impartBelize/cmd/api/teacherHandlers.go:100.73,102.16 2 0
github.com/amilcar-vasquez/impartBelize/cmd/api/teacherHandlers.go:102.16,105.3 2 0
github.com/amilcar-vasquez/impartBelize/cmd/api/teacherHandlers.go:107.2,108.16 2 0
github.com/amilcar-vasquez/impartBelize/cmd/api/teacherHandlers.go:108.16,109.10 1 0
github.com/amilcar-vasquez/impartBelize/cmd/api/teacherHandlers.go:110.47,111.28 1 0
github.com/amilcar-vasquez/impartBelize/cmd/api/teacherHandlers.go:112.11,113.36 1 0
github.com/amilcar-vasquez/impartBelize/cmd/api/teacherHandlers.go:115.3,115.9 1 0
github.com/amilcar-vasquez/impartBelize/cmd/api/teacherHandlers.go:118.2,119.16 2 0
github.com/amilcar-vasquez/impartBelize/cmd/api/teacherHandlers.go:119.16,121.3 1 0
github.com/amilcar-vasquez/impartBelize/cmd/api/teacherHandlers.go:125.81,127.16 2 0
github.com/amilcar-vasquez/impartBelize/cmd/api/teacherHandlers.go:127.16,130.3 2 0
github.com/amilcar-vasquez/impartBelize/cmd/api/teacherHandlers.go:132.2,133.16 2 0
github.com/amilcar-vasquez/impartBelize/cmd/api/teacherHandlers.go:133.16,134.10 1 0
github.com/amilcar-vasquez/impartBelize/cmd/api/teacherHandlers.go:135.47,136.28 1 0
github.com/amilcar-vasquez/impartBelize/cmd/api/teacherHandlers.go:137.11,138.36 1 0
github.com/amilcar-vasquez/impartBelize/cmd/api/teacherHandlers.go:140.3,140.9 1 0
github.com/amilcar-vasquez/impartBelize/cmd/api/teacherHandlers.go:143.2,144.16 2 0
github.com/amilcar-vasquez/impartBelize/cmd/api/teacherHandlers.go:144.16,146.3 1 0
github.com/amilcar-vasquez/impartBelize/cmd/api/teacherHandlers.go:150.76,152.16 2 0
github.com/amilcar-vasquez/impartBelize/cmd/api/teacherHandlers.go:152.16,155.3 2 0
github.com/amilcar-vasquez/impartBelize/cmd/api/teacherHandlers.go:157.2,158.16 2 0
github.com/amilcar-vasquez/impartBelize/cmd/api/teacherHandlers.go:158.16,159.10 1 0
github.com/amilcar-vasquez/impartBelize/cmd/api/teacherHandlers.go:160.47,161.28 1 0
github.com/amilcar-vasquez/impartBelize/cmd/api/teacherHandlers.go:162.11,163.36 1 0
github.com/amilcar-vasquez/impartBelize/cmd/api/teacherHandlers.go:165.3,165.9 1 0
github.com/amilcar-vasquez/impartBelize/cmd/api/teacherHandlers.go:168.2,169.16 2 0
github.com/amilcar-vasquez/impartBelize/cmd/api/teacherHandlers.go:169.16,171.3 1 0
github.com/amilcar-vasquez/impartBelize/cmd/api/teacherHandlers.go:175.75,177.16 2 0
github.com/amilcar-vasquez/impartBelize/cmd/api/teacherHandlers.go:177.16,180.3 2 0
github.com/amilcar-vasquez/impartBelize/cmd/api/teacherHandlers.go:182.2,183.16 2 0
github.com/amilcar-vasquez/impartBelize/cmd/api/teacherHandlers.go:183.16,185.3 1 0
github.com/amilcar-vasquez/impartBelize/cmd/api/tokenHandlers.go:14.78,21.16 3 1
github.com/amilcar-vasquez/impartBelize/cmd/api/tokenHandlers.go:21.16,24.3 2 0
github.com/amilcar-vasquez/impartBelize/cmd/api/tokenHandlers.go:26.2,30.18 4 1
github.com/amilcar-vasquez/impartBelize/cmd/api/tokenHandlers.go:30.18,33.3 2 1
github.com/amilcar-vasquez/impartBelize/cmd/api/tokenHandlers.go:36.2,40.19 3 0
github.com/amilcar-vasquez/impartBelize/cmd/api/tokenHandlers.go:40.19,41.16 1 0
github.com/amilcar-vasquez/impartBelize/cmd/api/tokenHandlers.go:42.57,43.51 1 0
github.com/amilcar-vasquez/impartBelize/cmd/api/tokenHandlers.go:44.21,45.49 1 0
github.com/amilcar-vasquez/impartBelize/cmd/api/tokenHandlers.go:47.9,47.15 1 0
github.com/amilcar-vasquez/impartBelize/cmd/api/tokenHandlers.go:51.2,52.19 2 0
github.com/amilcar-vasquez/impartBelize/cmd/api/tokenHandlers.go:52.19,55.6 2 0
github.com/amilcar-vasquez/impartBelize/cmd/api/tokenHandlers.go:58.2,58.12 1 0
github.com/amilcar-vasquez/impartBelize/cmd/api/tokenHandlers.go:58.12,61.3 2 0
github.com/amilcar-vasquez/impartBelize/cmd/api/tokenHandlers.go:64.2,64.23 1 0
github.com/amilcar-vasquez/impartBelize/cmd/api/tokenHandlers.go:64.23,67.3 2 0
github.com/amilcar-vasquez/impartBelize/cmd/api/tokenHandlers.go:70.2,71.16 2 0
github.com/amilcar-vasquez/impartBelize/cmd/api/tokenHandlers.go:71.16,74.3 2 0
github.com/amilcar-vasquez/impartBelize/cmd/api/tokenHandlers.go:77.2,81.16 2 0
github.com/amilcar-vasquez/impartBelize/cmd/api/tokenHandlers.go:81.16,83.3 1 0
github.com/amilcar-vasquez/impartBelize/cmd/api/tokenHandlers.go:87.84,93.16 3 0
github.com/amilcar-vasquez/impartBelize/cmd/api/tokenHandlers.go:93.16,96.3 2 0
github.com/amilcar-vasquez/impartBelize/cmd/api/tokenHandlers.go:98.2,101.18 3 0
github.com/amilcar-vasquez/impartBelize/cmd/api/tokenHandlers.go:101.18,104.3 2 0
github.com/amilcar-vasquez/impartBelize/cmd/api/tokenHandlers.go:107.2,108.16 2 0
github.com/amilcar-vasquez/impartBelize/cmd/api/tokenHandlers.go:108.16,111.3 2 0
github.com/amilcar-vasquez/impartBelize/cmd/api/tokenHandlers.go:113.2,114.16 2 0
github.com/amilcar-vasquez/impartBelize/cmd/api/tokenHandlers.go:114.16,116.3 1 0
github.com/amilcar-vasquez/impartBelize/cmd/api/tokenHandlers.go:120.85,122.16 2 0
github.com/amilcar-vasquez/impartBelize/cmd/api/tokenHandlers.go:122.16,125.3 2 0
github.com/amilcar-vasquez/impartBelize/cmd/api/tokenHandlers.go:128.2,129.17 2 0
github.com/amilcar-vasquez/impartBelize/cmd/api/tokenHandlers.go:129.17,131.3 1 0
github.com/amilcar-vasquez/impartBelize/cmd/api/tokenHandlers.go:133.2,136.18 3 0
github.com/amilcar-vasquez/impartBelize/cmd/api/tokenHandlers.go:136.18,139.3 2 0
github.com/amilcar-vasquez/impartBelize/cmd/api/tokenHandlers.go:141.2,142.16 2 0
github.com/amilcar-vasquez/impartBelize/cmd/api/tokenHandlers.go:142.16,145.3 2 0
github.com/amilcar-vasquez/impartBelize/cmd/api/tokenHandlers.go:147.2,148.16 2 0
github.com/amilcar-vasquez/impartBelize/cmd/api/tokenHandlers.go:148.16,150.3 1 0
github.com/amilcar-vasquez/impartBelize/cmd/api/userHandlers.go:15.75,23.16 3 0
github.com/amilcar-vasquez/impartBelize/cmd/api/userHandlers.go:23.16,26.3 2 0
github.com/amilcar-vasquez/impartBelize/cmd/api/userHandlers.go:29.2,30.16 2 0
github.com/amilcar-vasquez/impartBelize/cmd/api/userHandlers.go:30.16,33.3 2 0
github.com/amilcar-vasquez/impartBelize/cmd/api/userHandlers.go:36.2,37.20 2 0
github.com/amilcar-vasquez/impartBelize/cmd/api/userHandlers.go:37.20,39.3 1 0
github.com/amilcar-vasquez/impartBelize/cmd/api/userHandlers.go:42.2,52.16 3 0
github.com/amilcar-vasquez/impartBelize/cmd/api/userHandlers.go:52.16,55.3 2 0
github.com/amilcar-vasquez/impartBelize/cmd/api/userHandlers.go:58.2,59.46 2 0
github.com/amilcar-vasquez/impartBelize/cmd/api/userHandlers.go:59.46,62.3 2 0
github.com/amilcar-vasquez/impartBelize/cmd/api/userHandlers.go:65.2,66.16 2 0
github.com/amilcar-vasquez/impartBelize/cmd/api/userHandlers.go:66.16,67.10 1 0
github.com/amilcar-vasquez/impartBelize/cmd/api/userHandlers.go:68.47,70.46 2 0
github.com/amilcar-vasquez/impartBelize/cmd/api/userHandlers.go:71.11,72.36 1 0
github.com/amilcar-vasquez/impartBelize/cmd/api/userHandlers.go:74.3,74.9 1 0
github.com/amilcar-vasquez/impartBelize/cmd/api/userHandlers.go:78.2,79.16 2 0
github.com/amilcar-vasquez/impartBelize/cmd/api/userHandlers.go:79.16,82.3 2 0
github.com/amilcar-vasquez/impartBelize/cmd/api/userHandlers.go:84.2,88.22 2 0
github.com/amilcar-vasquez/impartBelize/cmd/api/userHandlers.go:88.22,96.17 3 0
github.com/amilcar-vasquez/impartBelize/cmd/api/userHandlers.go:96.17,98.4 1 0
github.com/amilcar-vasquez/impartBelize/cmd/api/userHandlers.go:101.2,102.16 2 0
github.com/amilcar-vasquez/impartBelize/cmd/api/userHandlers.go:102.16,105.3 2 0
github.com/amilcar-vasquez/impartBelize/cmd/api/userHandlers.go:108.75,114.16 3 1
github.com/amilcar-vasquez/impartBelize/cmd/api/userHandlers.go:114.16,117.3 2 0
github.com/amilcar-vasquez/impartBelize/cmd/api/userHandlers.go:120.2,122.18 3 1
github.com/amilcar-vasquez/impartBelize/cmd/api/userHandlers.go:122.18,125.3 2 1
github.com/amilcar-vasquez/impartBelize/cmd/api/userHandlers.go:127.2,130.16 2 0
github.com/amilcar-vasquez/impartBelize/cmd/api/userHandlers.go:130.16,131.10 1 0
github.com/amilcar-vasquez/impartBelize/cmd/api/userHandlers.go:132.47,134.46 2 0
github.com/amilcar-vasquez/impartBelize/cmd/api/userHandlers.go:135.11,136.36 1 0
github.com/amilcar-vasquez/impartBelize/cmd/api/userHandlers.go:138.3,138.9 1 0
github.com/amilcar-vasquez/impartBelize/cmd/api/userHandlers.go:142.2,144.16 3 0
github.com/amilcar-vasquez/impartBelize/cmd/api/userHandlers.go:144.16,145.10 1 0
github.com/amilcar-vasquez/impartBelize/cmd/api/userHandlers.go:146.47,148.46 2 0
github.com/amilcar-vasquez/impartBelize/cmd/api/userHandlers.go:149.11,150.36 1 0
github.com/amilcar-vasquez/impartBelize/cmd/api/userHandlers.go:152.3,152.9 1 0
github.com/amilcar-vasquez/impartBelize/cmd/api/userHandlers.go:156.2,162.16 4 0
github.com/amilcar-vasquez/impartBelize/cmd/api/userHandlers.go:162.16,165.3 2 0
github.com/amilcar-vasquez/impartBelize/cmd/api/userHandlers.go:168.2,173.16 3 0
github.com/amilcar-vasquez/impartBelize/cmd/api/userHandlers.go:173.16,175.3 1 0
github.com/amilcar-vasquez/impartBelize/cmd/api/userHandlers.go:179.70,182.16 2 0
github.com/amilcar-vasquez/impartBelize/cmd/api/userHandlers.go:182.16,185.3 2 0
github.com/amilcar-vasquez/impartBelize/cmd/api/userHandlers.go:188.2,192.16 3 0
github.com/amilcar-vasquez/impartBelize/cmd/api/userHandlers.go:192.16,195.3 2 0
github.com/amilcar-vasquez/impartBelize/cmd/api/userHandlers.go:197.2,197.16 1 0
github.com/amilcar-vasquez/impartBelize/cmd/api/userHandlers.go:197.16,200.3 2 0
github.com/amilcar-vasquez/impartBelize/cmd/api/userHandlers.go:203.2,204.16 2 0
github.com/amilcar-vasquez/impartBelize/cmd/api/userHandlers.go:204.16,205.10 1 0
github.com/amilcar-vasquez/impartBelize/cmd/api/userHandlers.go:206.47,207.28 1 0
github.com/amilcar-vasquez/impartBelize/cmd/api/userHandlers.go:208.11,209.36 1 0
github.com/amilcar-vasquez/impartBelize/cmd/api/userHandlers.go:211.3,211.9 1 0
github.com/amilcar-vasquez/impartBelize/cmd/api/userHandlers.go:214.2,218.16 3 0
github.com/amilcar-vasquez/impartBelize/cmd/api/userHandlers.go:218.16,220.3 1 0
github.com/amilcar-vasquez/impartBelize/cmd/api/userHandlers.go:224.77,227.17 2 0
github.com/amilcar-vasquez/impartBelize/cmd/api/userHandlers.go:227.17,230.3 2 0
github.com/amilcar-vasquez/impartBelize/cmd/api/userHandlers.go:233.2,234.16 2 0
github.com/amilcar-vasquez/impartBelize/cmd/api/userHandlers.go:234.16,235.10 1 0
github.com/amilcar-vasquez/impartBelize/cmd/api/userHandlers.go:236.47,237.28 1 0
github.com/amilcar-vasquez/impartBelize/cmd/api/userHandlers.go:238.11,239.36 1 0
github.com/amilcar-vasquez/impartBelize/cmd/api/userHandlers.go:241.3,241.9 1 0
github.com/amilcar-vasquez/impartBelize/cmd/api/userHandlers.go:244.2,248.16 3 0
github.com/amilcar-vasquez/impartBelize/cmd/api/userHandlers.go:248.16,250.3 1 0
github.com/amilcar-vasquez/impartBelize/cmd/api/userHandlers.go:254.74,258.43 2 0
github.com/amilcar-vasquez/impartBelize/cmd/api/userHandlers.go:258.43,261.3 2 0
github.com/amilcar-vasquez/impartBelize/cmd/api/userHandlers.go:264.2,284.55 8 0
github.com/amilcar-vasquez/impartBelize/cmd/api/userHandlers.go:284.55,285.26 1 0
github.com/amilcar-vasquez/impartBelize/cmd/api/userHandlers.go:285.26,288.4 2 0
github.com/amilcar-vasquez/impartBelize/cmd/api/userHandlers.go:288.9,288.34 1 0
github.com/amilcar-vasquez/impartBelize/cmd/api/userHandlers.go:288.34,291.4 2 0
github.com/amilcar-vasquez/impartBelize/cmd/api/userHandlers.go:291.9,293.4 1 0
github.com/amilcar-vasquez/impartBelize/cmd/api/userHandlers.go:297.2,305.58 5 0
github.com/amilcar-vasquez/impartBelize/cmd/api/userHandlers.go:305.58,308.3 2 0
github.com/amilcar-vasquez/impartBelize/cmd/api/userHandlers.go:311.2,312.16 2 0
github.com/amilcar-vasquez/impartBelize/cmd/api/userHandlers.go:312.16,315.3 2 0
github.com/amilcar-vasquez/impartBelize/cmd/api/userHandlers.go:317.2,322.16 3 0
github.com/amilcar-vasquez/impartBelize/cmd/api/userHandlers.go:322.16,324.3 1 0
github.com/amilcar-vasquez/impartBelize/cmd/api/userHandlers.go:328.73,331.16 2 0
github.com/amilcar-vasquez/impartBelize/cmd/api/userHandlers.go:331.16,334.3 2 0
github.com/amilcar-vasquez/impartBelize/cmd/api/userHandlers.go:337.2,341.16 3 0
github.com/amilcar-vasquez/impartBelize/cmd/api/userHandlers.go:341.16,344.3 2 0
github.com/amilcar-vasquez/impartBelize/cmd/api/userHandlers.go:346.2,346.16 1 0
github.com/amilcar-vasquez/impartBelize/cmd/api/userHandlers.go:346.16,349.3 2 0
github.com/amilcar-vasquez/impartBelize/cmd/api/userHandlers.go:352.2,353.16 2 0
github.com/amilcar-vasquez/impartBelize/cmd/api/userHandlers.go:353.16,354.10 1 0
github.com/amilcar-vasquez/impartBelize/cmd/api/userHandlers.go:355.47,356.28 1 0
github.com/amilcar-vasquez/impartBelize/cmd/api/userHandlers.go:357.11,358.36 1 0
github.com/amilcar-vasquez/impartBelize/cmd/api/userHandlers.go:360.3,360.9 1 0
github.com/amilcar-vasquez/impartBelize/cmd/api/userHandlers.go:364.2,374.16 3 0
github.com/amilcar-vasquez/impartBelize/cmd/api/userHandlers.go:374.16,377.3 2 0
github.com/amilcar-vasquez/impartBelize/cmd/api/userHandlers.go:380.2,380.78 1 0
github.com/amilcar-vasquez/impartBelize/cmd/api/userHandlers.go:380.78,383.17 2 0
github.com/amilcar-vasquez/impartBelize/cmd/api/userHandlers.go:383.17,386.4 2 0
github.com/amilcar-vasquez/impartBelize/cmd/api/userHandlers.go:389.3,389.89 1 0
github.com/amilcar-vasquez/impartBelize/cmd/api/userHandlers.go:389.89,391.27 2 0
github.com/amilcar-vasquez/impartBelize/cmd/api/userHandlers.go:391.27,393.5 1 0
github.com/amilcar-vasquez/impartBelize/cmd/api/userHandlers.go:394.4,394.29 1 0
github.com/amilcar-vasquez/impartBelize/cmd/api/userHandlers.go:394.29,396.5 1 0
github.com/amilcar-vasquez/impartBelize/cmd/api/userHandlers.go:397.4,397.32 1 0
github.com/amilcar-vasquez/impartBelize/cmd/api/userHandlers.go:397.32,399.5 1 0
github.com/amilcar-vasquez/impartBelize/cmd/api/userHandlers.go:400.4,401.10 2 0
github.com/amilcar-vasquez/impartBelize/cmd/api/userHandlers.go:406.2,406.27 1 0
github.com/amilcar-vasquez/impartBelize/cmd/api/userHandlers.go:406.27,408.3 1 0
github.com/amilcar-vasquez/impartBelize/cmd/api/userHandlers.go:409.2,409.24 1 0
github.com/amilcar-vasquez/impartBelize/cmd/api/userHandlers.go:409.24,411.3 1 0
github.com/amilcar-vasquez/impartBelize/cmd/api/userHandlers.go:412.2,412.25 1 0
github.com/amilcar-vasquez/impartBelize/cmd/api/userHandlers.go:412.25,414.3 1 0
github.com/amilcar-vasquez/impartBelize/cmd/api/userHandlers.go:415.2,415.27 1 0
github.com/amilcar-vasquez/impartBelize/cmd/api/userHandlers.go:415.27,417.3 1 0
github.com/amilcar-vasquez/impartBelize/cmd/api/userHandlers.go:418.2,418.30 1 0
github.com/amilcar-vasquez/impartBelize/cmd/api/userHandlers.go:418.30,420.3 1 0
github.com/amilcar-vasquez/impartBelize/cmd/api/userHandlers.go:423.2,423.27 1 0
github.com/amilcar-vasquez/impartBelize/cmd/api/userHandlers.go:423.27,425.17 2 0
github.com/amilcar-vasquez/impartBelize/cmd/api/userHandlers.go:425.17,428.4 2 0
github.com/amilcar-vasquez/impartBelize/cmd/api/userHandlers.go:432.2,433.46 2 0
github.com/amilcar-vasquez/impartBelize/cmd/api/userHandlers.go:433.46,436.3 2 0
github.com/amilcar-vasquez/impartBelize/cmd/api/userHandlers.go:439.2,440.16 2 0
github.com/amilcar-vasquez/impartBelize/cmd/api/userHandlers.go:440.16,441.10 1 0
github.com/amilcar-vasquez/impartBelize/cmd/api/userHandlers.go:442.47,444.46 2 0
github.com/amilcar-vasquez/impartBelize/cmd/api/userHandlers.go:445.45,446.32 1 0
github.com/amilcar-vasquez/impartBelize/cmd/api/userHandlers.go:447.11,448.36 1 0
github.com/amilcar-vasquez/impartBelize/cmd/api/userHandlers.go:450.3,450.9 1 0
github.com/amilcar-vasquez/impartBelize/cmd/api/userHandlers.go:453.2,457.16 3 0
github.com/amilcar-vasquez/impartBelize/cmd/api/userHandlers.go:457.16,459.3 1 0
github.com/amilcar-vasquez/impartBelize/cmd/api/userHandlers.go:463.73,466.16 2 0
github.com/amilcar-vasquez/impartBelize/cmd/api/userHandlers.go:466.16,469.3 2 0
github.com/amilcar-vasquez/impartBelize/cmd/api/userHandlers.go:472.2,473.16 2 0
github.com/amilcar-vasquez/impartBelize/cmd/api/userHandlers.go:473.16,474.10 1 0
github.com/amilcar-vasquez/impartBelize/cmd/api/userHandlers.go:475.47,476.28 1 0
github.com/amilcar-vasquez/impartBelize/cmd/api/userHandlers.go:477.11,478.36 1 0
github.com/amilcar-vasquez/impartBelize/cmd/api/userHandlers.go:480.3,480.9 1 0
github.com/amilcar-vasquez/impartBelize/cmd/api/userHandlers.go:483.2,487.16 3 0
github.com/amilcar-vasquez/impartBelize/cmd/api/userHandlers.go:487.16,489.3 1 0
