time=2025-10-27T10:48:23.548-06:00 level=ERROR msg="sql: unknown driver \"postgres\" (forgotten import?)"
time=2025-10-27T10:49:43.185-06:00 level=ERROR msg="sql: unknown driver \"postgres\" (forgotten import?)"
time=2025-10-27T10:50:37.385-06:00 level=ERROR msg="sql: unknown driver \"postgres\" (forgotten import?)"
time=2025-10-27T10:51:33.347-06:00 level=ERROR msg="sql: unknown driver \"postgres\" (forgotten import?)"
time=2025-10-27T10:53:56.014-06:00 level=INFO msg="Starting server" address=:4000 env=development
time=2025-10-27T10:54:18.231-06:00 level=INFO msg="Shutting down server" signal=interrupt
time=2025-10-27T10:54:18.232-06:00 level=INFO msg="Completing background tasks" address=:4000
time=2025-10-27T10:54:18.232-06:00 level=INFO msg="Server stopped" addr=:4000
time=2025-10-27T10:54:40.245-06:00 level=INFO msg="Starting server" address=:4000 env=development
time=2025-10-27T11:07:56.211-06:00 level=INFO msg="Shutting down server" signal=interrupt
time=2025-10-27T11:07:56.211-06:00 level=INFO msg="Completing background tasks" address=:4000
time=2025-10-27T11:07:56.211-06:00 level=INFO msg="Server stopped" addr=:4000
time=2025-10-27T11:33:00.438-06:00 level=INFO msg="Starting server" address=:4000 env=development
time=2025-10-27T11:34:50.814-06:00 level=INFO msg="Shutting down server" signal=interrupt
time=2025-10-27T11:34:50.814-06:00 level=INFO msg="Completing background tasks" address=:4000
time=2025-10-27T11:34:50.814-06:00 level=INFO msg="Server stopped" addr=:4000
time=2025-10-29T20:46:25.324-06:00 level=INFO msg="Starting server" address=:4000 env=development
time=2025-10-29T20:46:31.824-06:00 level=INFO msg="Shutting down server" signal=interrupt
time=2025-10-29T20:46:31.824-06:00 level=INFO msg="Completing background tasks" address=:4000
time=2025-10-29T20:46:31.824-06:00 level=INFO msg="Server stopped" addr=:4000
time=2025-10-31T16:04:30.515-06:00 level=INFO msg="Starting server" address=:4000 env=development
time=2025-10-31T16:04:34.583-06:00 level=INFO msg="Shutting down server" signal=interrupt
time=2025-10-31T16:04:34.584-06:00 level=INFO msg="Completing background tasks" address=:4000
time=2025-10-31T16:04:34.584-06:00 level=INFO msg="Server stopped" addr=:4000
time=2025-10-31T17:05:38.455-06:00 level=ERROR msg="pq: password authentication failed for user \"amilcar\""
time=2025-10-31T17:14:56.697-06:00 level=INFO msg="Starting server" address=:4000 env=development
time=2025-10-31T17:15:03.951-06:00 level=INFO msg="Shutting down server" signal=interrupt
time=2025-10-31T17:15:03.952-06:00 level=INFO msg="Completing background tasks" address=:4000
time=2025-10-31T17:15:03.952-06:00 level=INFO msg="Server stopped" addr=:4000
time=2025-10-31T18:26:47.457-06:00 level=INFO msg="Starting server" address=:4000 env=development
time=2025-10-31T18:31:20.660-06:00 level=INFO msg="Shutting down server" signal=interrupt
time=2025-10-31T18:31:20.660-06:00 level=INFO msg="Completing background tasks" address=:4000
time=2025-10-31T18:31:20.660-06:00 level=INFO msg="Server stopped" addr=:4000
time=2025-10-31T18:32:22.077-06:00 level=INFO msg="Starting server" address=:4000 env=development
time=2025-10-31T18:32:49.818-06:00 level=INFO msg="Shutting down server" signal=interrupt
time=2025-10-31T18:32:49.818-06:00 level=INFO msg="Completing background tasks" address=:4000
time=2025-10-31T18:32:49.818-06:00 level=INFO msg="Server stopped" addr=:4000
time=2025-10-31T18:32:57.665-06:00 level=ERROR msg="pq: password authentication failed for user \"amilcar\""
time=2025-10-31T18:33:24.269-06:00 level=INFO msg="Starting server" address=:4000 env=development
time=2025-10-31T18:33:37.202-06:00 level=INFO msg="Shutting down server" signal=interrupt
time=2025-10-31T18:33:37.202-06:00 level=INFO msg="Completing background tasks" address=:4000
time=2025-10-31T18:33:37.202-06:00 level=INFO msg="Server stopped" addr=:4000
time=2025-10-31T18:33:44.667-06:00 level=INFO msg="Starting server" address=:4000 env=development
time=2025-10-31T18:35:25.194-06:00 level=INFO msg="Starting server" address=:4000 env=development
time=2025-10-31T18:35:25.194-06:00 level=ERROR msg="listen tcp :4000: bind: address already in use"
time=2025-10-31T18:35:36.642-06:00 level=INFO msg="Starting server" address=:4000 env=development
time=2025-10-31T18:35:46.124-06:00 level=ERROR msg="runtime error: invalid memory address or nil pointer dereference" method=GET uri=/v1/teachers
time=2025-10-31T18:36:39.223-06:00 level=INFO msg="Starting server" address=:4000 env=development
time=2025-10-31T18:37:16.755-06:00 level=ERROR msg="pq: duplicate key value violates unique constraint \"teachers_ssn_key\"" method=POST uri=/v1/teachers
time=2025-10-31T18:37:16.803-06:00 level=ERROR msg="pq: duplicate key value violates unique constraint \"teachers_ssn_key\"" method=POST uri=/v1/teachers
time=2025-10-31T18:37:24.737-06:00 level=ERROR msg="pq: duplicate key value violates unique constraint \"teachers_ssn_key\"" method=POST uri=/v1/teachers
time=2025-10-31T18:38:30.291-06:00 level=INFO msg="Starting server" address=:4000 env=development
time=2025-10-31T18:38:30.292-06:00 level=ERROR msg="listen tcp :4000: bind: address already in use"
time=2025-10-31T18:38:47.464-06:00 level=INFO msg="Starting server" address=:4000 env=development
time=2025-10-31T18:38:47.465-06:00 level=ERROR msg="listen tcp :4000: bind: address already in use"
time=2025-10-31T18:39:36.867-06:00 level=INFO msg="Starting server" address=:4000 env=development
time=2025-10-31T18:39:36.868-06:00 level=ERROR msg="listen tcp :4000: bind: address already in use"
time=2025-10-31T18:41:19.511-06:00 level=INFO msg="Starting server" address=:4000 env=development
time=2025-10-31T18:41:19.511-06:00 level=ERROR msg="listen tcp :4000: bind: address already in use"
time=2025-10-31T18:43:32.350-06:00 level=INFO msg="Starting server" address=:4000 env=development
time=2025-10-31T18:43:44.340-06:00 level=INFO msg="Shutting down server" signal=interrupt
time=2025-10-31T18:43:44.341-06:00 level=INFO msg="Completing background tasks" address=:4000
time=2025-10-31T18:43:44.341-06:00 level=INFO msg="Server stopped" addr=:4000
time=2025-10-31T18:43:51.171-06:00 level=INFO msg="Starting server" address=:4000 env=development
time=2025-10-31T18:47:06.495-06:00 level=INFO msg="Starting server" address=:4000 env=development
time=2025-10-31T18:47:06.496-06:00 level=ERROR msg="listen tcp :4000: bind: address already in use"
time=2025-10-31T18:47:22.464-06:00 level=INFO msg="Starting server" address=:4000 env=development
time=2025-10-31T19:15:39.320-06:00 level=ERROR msg="pq: duplicate key value violates unique constraint \"teachers_ssn_key\"" method=POST uri=/v1/teachers
time=2025-10-31T19:16:48.819-06:00 level=ERROR msg="pq: duplicate key value violates unique constraint \"teachers_ssn_key\"" method=POST uri=/v1/teachers
time=2025-10-31T19:17:08.400-06:00 level=INFO msg="Starting server" address=:4000 env=development
time=2025-10-31T19:17:08.400-06:00 level=ERROR msg="listen tcp :4000: bind: address already in use"
time=2025-10-31T19:17:41.334-06:00 level=ERROR msg="pq: duplicate key value violates unique constraint \"teachers_ssn_key\"" method=POST uri=/v1/teachers
time=2025-10-31T19:17:56.903-06:00 level=INFO msg="Shutting down server" signal=terminated
time=2025-10-31T19:17:56.903-06:00 level=INFO msg="Completing background tasks" address=:4000
time=2025-10-31T19:17:56.903-06:00 level=INFO msg="Server stopped" addr=:4000
time=2025-10-31T19:17:59.299-06:00 level=INFO msg="Starting server" address=:4000 env=development
time=2025-10-31T19:18:12.662-06:00 level=INFO msg="Shutting down server" signal=interrupt
time=2025-10-31T19:18:12.662-06:00 level=INFO msg="Completing background tasks" address=:4000
time=2025-10-31T19:18:12.662-06:00 level=INFO msg="Server stopped" addr=:4000
time=2025-10-31T19:18:20.321-06:00 level=INFO msg="Starting server" address=:4000 env=development
time=2025-10-31T19:18:24.678-06:00 level=ERROR msg="failed to insert teacher" error="pq: duplicate key value violates unique constraint \"teachers_ssn_key\""
time=2025-10-31T19:18:24.678-06:00 level=ERROR msg="pq: duplicate key value violates unique constraint \"teachers_ssn_key\"" method=POST uri=/v1/teachers
time=2025-10-31T19:18:46.893-06:00 level=ERROR msg="failed to insert teacher" error="pq: duplicate key value violates unique constraint \"teachers_ssn_key\""
time=2025-10-31T19:18:46.893-06:00 level=ERROR msg="pq: duplicate key value violates unique constraint \"teachers_ssn_key\"" method=POST uri=/v1/teachers
time=2025-10-31T19:19:03.637-06:00 level=ERROR msg="failed to insert teacher" error="pq: duplicate key value violates unique constraint \"teachers_ssn_key\""
time=2025-10-31T19:19:03.638-06:00 level=ERROR msg="pq: duplicate key value violates unique constraint \"teachers_ssn_key\"" method=POST uri=/v1/teachers
time=2025-10-31T19:20:04.603-06:00 level=INFO msg="Starting server" address=:4000 env=development
time=2025-10-31T19:20:04.603-06:00 level=ERROR msg="listen tcp :4000: bind: address already in use"
time=2025-10-31T19:21:00.344-06:00 level=ERROR msg="failed to insert teacher" error="pq: duplicate key value violates unique constraint \"teachers_ssn_key\""
time=2025-10-31T19:21:00.344-06:00 level=ERROR msg="pq: duplicate key value violates unique constraint \"teachers_ssn_key\"" method=POST uri=/v1/teachers
time=2025-10-31T19:21:06.784-06:00 level=INFO msg="Starting server" address=:4000 env=development
time=2025-10-31T19:21:06.785-06:00 level=ERROR msg="listen tcp :4000: bind: address already in use"
time=2025-10-31T19:21:10.729-06:00 level=ERROR msg="failed to insert teacher" error="pq: duplicate key value violates unique constraint \"teachers_ssn_key\""
time=2025-10-31T19:21:10.729-06:00 level=ERROR msg="pq: duplicate key value violates unique constraint \"teachers_ssn_key\"" method=POST uri=/v1/teachers
time=2025-10-31T19:21:26.877-06:00 level=INFO msg="Shutting down server" signal=terminated
time=2025-10-31T19:21:26.878-06:00 level=INFO msg="Completing background tasks" address=:4000
time=2025-10-31T19:21:26.878-06:00 level=INFO msg="Server stopped" addr=:4000
time=2025-10-31T19:22:39.565-06:00 level=INFO msg="Starting server" address=:4000 env=development
time=2025-10-31T19:23:08.801-06:00 level=INFO msg="Shutting down server" signal=interrupt
time=2025-10-31T19:23:08.801-06:00 level=INFO msg="Completing background tasks" address=:4000
time=2025-10-31T19:23:08.801-06:00 level=INFO msg="Server stopped" addr=:4000
time=2025-10-31T19:23:24.695-06:00 level=INFO msg="Starting server" address=:4000 env=development
time=2025-10-31T19:23:34.113-06:00 level=INFO msg="Shutting down server" signal=interrupt
time=2025-10-31T19:23:34.113-06:00 level=INFO msg="Completing background tasks" address=:4000
time=2025-10-31T19:23:34.113-06:00 level=INFO msg="Server stopped" addr=:4000
time=2025-11-04T20:31:57.830-06:00 level=INFO msg="Starting server" address=:4000 env=development
time=2025-11-04T20:38:25.140-06:00 level=ERROR msg="pq: column \"role_name\" of relation \"roles\" does not exist" method=POST uri=/v1/roles
time=2025-11-04T20:41:18.984-06:00 level=INFO msg="Shutting down server" signal=interrupt
time=2025-11-04T20:41:18.985-06:00 level=INFO msg="Completing background tasks" address=:4000
time=2025-11-04T20:41:18.985-06:00 level=INFO msg="Server stopped" addr=:4000
time=2025-11-04T20:41:22.633-06:00 level=INFO msg="Starting server" address=:4000 env=development
time=2025-11-04T20:59:51.369-06:00 level=ERROR msg="pq: relation \"tokens\" does not exist" method=POST uri=/v1/users
time=2025-11-04T21:06:07.446-06:00 level=ERROR msg="pq: duplicate key value violates unique constraint \"users_username_key\"" method=POST uri=/v1/users
time=2025-11-04T21:06:51.009-06:00 level=ERROR msg="pq: relation \"tokens\" does not exist" method=POST uri=/v1/users
time=2025-11-04T21:07:01.855-06:00 level=INFO msg="Shutting down server" signal=interrupt
time=2025-11-04T21:07:01.855-06:00 level=INFO msg="Completing background tasks" address=:4000
time=2025-11-04T21:07:01.855-06:00 level=INFO msg="Server stopped" addr=:4000
time=2025-11-04T21:07:07.618-06:00 level=INFO msg="Starting server" address=:4000 env=development
time=2025-11-04T21:07:22.726-06:00 level=ERROR msg="pq: column \"hash\" of relation \"auth_tokens\" does not exist" method=POST uri=/v1/users
time=2025-11-04T21:14:13.353-06:00 level=INFO msg="Shutting down server" signal=interrupt
time=2025-11-04T21:14:13.353-06:00 level=INFO msg="Completing background tasks" address=:4000
time=2025-11-04T21:14:13.353-06:00 level=INFO msg="Server stopped" addr=:4000
time=2025-11-04T21:21:09.493-06:00 level=INFO msg="Starting server" address=:4000 env=development
time=2025-11-04T21:22:08.900-06:00 level=INFO msg="Shutting down server" signal=interrupt
time=2025-11-04T21:22:08.901-06:00 level=INFO msg="Completing background tasks" address=:4000
time=2025-11-04T21:22:08.903-06:00 level=INFO msg="Server stopped" addr=:4000
time=2025-11-04T21:22:11.873-06:00 level=INFO msg="Starting server" address=:4000 env=development
time=2025-11-04T21:23:44.973-06:00 level=ERROR msg="pq: invalid byte sequence for encoding \"UTF8\": 0x98" method=POST uri=/v1/users
time=2025-11-04T21:37:31.551-06:00 level=INFO msg="Shutting down server" signal=interrupt
time=2025-11-04T21:37:31.551-06:00 level=INFO msg="Completing background tasks" address=:4000
time=2025-11-04T21:37:31.551-06:00 level=INFO msg="Server stopped" addr=:4000
time=2025-11-04T21:37:36.345-06:00 level=INFO msg="Starting server" address=:4000 env=development
time=2025-11-04T21:41:10.839-06:00 level=INFO msg="Shutting down server" signal=interrupt
time=2025-11-04T21:41:10.839-06:00 level=INFO msg="Completing background tasks" address=:4000
time=2025-11-04T21:41:10.839-06:00 level=INFO msg="Server stopped" addr=:4000
time=2025-11-04T21:45:47.018-06:00 level=INFO msg="Starting server" address=:4000 env=development
time=2025-11-04T21:45:59.225-06:00 level=ERROR msg="pq: invalid byte sequence for encoding \"UTF8\": 0xb5" method=POST uri=/v1/users
time=2025-11-04T21:48:40.388-06:00 level=INFO msg="Shutting down server" signal=interrupt
time=2025-11-04T21:48:40.388-06:00 level=INFO msg="Completing background tasks" address=:4000
time=2025-11-04T21:48:40.388-06:00 level=INFO msg="Server stopped" addr=:4000
time=2025-11-04T21:50:26.192-06:00 level=INFO msg="Starting server" address=:4000 env=development
time=2025-11-04T21:51:57.945-06:00 level=ERROR msg="runtime error: invalid memory address or nil pointer dereference"
time=2025-11-04T22:00:04.013-06:00 level=INFO msg="Shutting down server" signal=interrupt
time=2025-11-04T22:00:04.013-06:00 level=INFO msg="Completing background tasks" address=:4000
time=2025-11-04T22:00:04.013-06:00 level=INFO msg="Server stopped" addr=:4000
time=2025-11-04T22:00:06.819-06:00 level=INFO msg="Starting server" address=:4000 env=development
time=2025-11-04T22:00:14.811-06:00 level=ERROR msg="runtime error: invalid memory address or nil pointer dereference"
time=2025-11-04T22:02:38.832-06:00 level=INFO msg="Shutting down server" signal=interrupt
time=2025-11-04T22:02:38.833-06:00 level=INFO msg="Completing background tasks" address=:4000
time=2025-11-04T22:02:38.833-06:00 level=INFO msg="Server stopped" addr=:4000
time=2025-11-04T22:03:55.787-06:00 level=INFO msg="Starting server" address=:4000 env=development
time=2025-11-04T22:06:32.070-06:00 level=INFO msg="Shutting down server" signal=interrupt
time=2025-11-04T22:06:32.070-06:00 level=INFO msg="Completing background tasks" address=:4000
time=2025-11-04T22:06:32.070-06:00 level=INFO msg="Server stopped" addr=:4000
time=2025-11-04T22:06:35.361-06:00 level=INFO msg="Starting server" address=:4000 env=development
time=2025-11-04T22:06:48.532-06:00 level=ERROR msg="runtime error: invalid memory address or nil pointer dereference"
time=2025-11-04T22:07:12.267-06:00 level=INFO msg="Shutting down server" signal=interrupt
time=2025-11-04T22:07:12.267-06:00 level=INFO msg="Completing background tasks" address=:4000
time=2025-11-04T22:07:12.267-06:00 level=INFO msg="Server stopped" addr=:4000
time=2025-11-04T22:07:29.790-06:00 level=INFO msg="Starting server" address=:4000 env=development
time=2025-11-04T22:07:43.001-06:00 level=ERROR msg="dial tcp: lookup \"smtp.gmail.com\": no such host"
time=2025-11-04T22:10:09.147-06:00 level=INFO msg="Shutting down server" signal=interrupt
time=2025-11-04T22:10:09.147-06:00 level=INFO msg="Completing background tasks" address=:4000
time=2025-11-04T22:10:09.147-06:00 level=INFO msg="Server stopped" addr=:4000
time=2025-11-04T22:11:33.964-06:00 level=INFO msg="Starting server" address=:4000 env=development
time=2025-11-04T22:12:14.910-06:00 level=ERROR msg="gomail: could not send email 1: gomail: invalid address \"\\\"Impart Belize <noreply@impartbelize.com>\\\"\": mail: no angle-addr"
time=2025-11-04T22:13:29.866-06:00 level=INFO msg="Shutting down server" signal=interrupt
time=2025-11-04T22:13:29.866-06:00 level=INFO msg="Completing background tasks" address=:4000
time=2025-11-04T22:13:29.866-06:00 level=INFO msg="Server stopped" addr=:4000
time=2025-11-04T22:13:33.200-06:00 level=INFO msg="Starting server" address=:4000 env=development
time=2025-11-04T22:13:45.911-06:00 level=ERROR msg="gomail: could not send email 1: gomail: invalid address \"\\\"\\\\\\\"Impart Belize <noreply@impartbelize.com>\\\\\\\"\\\"\": mail: no angle-addr"
time=2025-11-04T22:14:53.833-06:00 level=INFO msg="Shutting down server" signal=interrupt
time=2025-11-04T22:14:53.833-06:00 level=INFO msg="Completing background tasks" address=:4000
time=2025-11-04T22:14:53.833-06:00 level=INFO msg="Server stopped" addr=:4000
time=2025-11-04T22:14:57.946-06:00 level=INFO msg="Starting server" address=:4000 env=development
time=2025-11-04T22:19:53.648-06:00 level=ERROR msg="pq: relation \"tokens\" does not exist" method=PUT uri=/v1/users/activated
time=2025-11-04T22:21:04.456-06:00 level=ERROR msg="pq: relation \"tokens\" does not exist" method=PUT uri=/v1/users/activated
time=2025-11-04T22:21:07.530-06:00 level=INFO msg="Shutting down server" signal=interrupt
time=2025-11-04T22:21:07.530-06:00 level=INFO msg="Completing background tasks" address=:4000
time=2025-11-04T22:21:07.530-06:00 level=INFO msg="Server stopped" addr=:4000
time=2025-11-04T22:21:10.300-06:00 level=INFO msg="Starting server" address=:4000 env=development
time=2025-11-04T22:21:12.326-06:00 level=ERROR msg="pq: column roles.role_name does not exist" method=PUT uri=/v1/users/activated
time=2025-11-04T22:23:11.031-06:00 level=INFO msg="Shutting down server" signal=interrupt
time=2025-11-04T22:23:11.031-06:00 level=INFO msg="Completing background tasks" address=:4000
time=2025-11-04T22:23:11.031-06:00 level=INFO msg="Server stopped" addr=:4000
time=2025-11-04T22:23:13.485-06:00 level=INFO msg="Starting server" address=:4000 env=development
time=2025-11-04T22:23:15.447-06:00 level=INFO msg="Activating user" user_id=7 username=lpanti email=lee.14.panti@gmail.com
time=2025-11-12T22:27:12.817-06:00 level=INFO msg="Starting server" address=:4000 env=development
time=2025-11-12T23:47:01.075-06:00 level=INFO msg="Shutting down server" signal=interrupt
time=2025-11-12T23:47:01.075-06:00 level=INFO msg="Completing background tasks" address=:4000
time=2025-11-12T23:47:01.075-06:00 level=INFO msg="Server stopped" addr=:4000
time=2025-11-12T23:47:03.326-06:00 level=INFO msg="Starting server" address=:4000 env=development
time=2025-11-12T23:53:16.911-06:00 level=INFO msg="Shutting down server" signal=interrupt
time=2025-11-12T23:53:16.911-06:00 level=INFO msg="Completing background tasks" address=:4000
time=2025-11-12T23:53:16.911-06:00 level=INFO msg="Server stopped" addr=:4000
time=2025-11-12T23:53:21.232-06:00 level=INFO msg="Starting server" address=:4000 env=development
time=2025-11-13T00:10:31.390-06:00 level=INFO msg="Activating user" user_id=9 username=lee email=leepanti2018@gmail.com
time=2025-11-13T00:19:18.737-06:00 level=INFO msg="Shutting down server" signal=interrupt
time=2025-11-13T00:19:18.737-06:00 level=INFO msg="Completing background tasks" address=:4000
time=2025-11-13T00:19:18.737-06:00 level=INFO msg="Server stopped" addr=:4000
time=2025-11-13T00:36:16.190-06:00 level=INFO msg="Starting server" address=:4000 env=development
time=2025-11-13T00:40:37.659-06:00 level=INFO msg="Shutting down server" signal=interrupt
time=2025-11-13T00:40:37.660-06:00 level=INFO msg="Completing background tasks" address=:4000
time=2025-11-13T00:40:37.660-06:00 level=INFO msg="Server stopped" addr=:4000
time=2025-11-13T00:40:40.443-06:00 level=INFO msg="Starting server" address=:4000 env=development
time=2025-11-13T00:52:06.530-06:00 level=INFO msg="Shutting down server" signal=interrupt
time=2025-11-13T00:52:06.530-06:00 level=INFO msg="Completing background tasks" address=:4000
time=2025-11-13T00:52:06.530-06:00 level=INFO msg="Server stopped" addr=:4000
time=2025-11-13T00:55:35.304-06:00 level=INFO msg="Starting server" address=:4000 env=development
time=2025-11-13T00:55:38.512-06:00 level=INFO msg="Shutting down server" signal=interrupt
time=2025-11-13T00:55:38.512-06:00 level=INFO msg="Completing background tasks" address=:4000
time=2025-11-13T00:55:38.512-06:00 level=INFO msg="Server stopped" addr=:4000
time=2025-11-13T00:55:41.797-06:00 level=INFO msg="Starting server" address=:4000 env=development
time=2025-11-13T00:56:14.810-06:00 level=ERROR msg="missing user value in request context" method=GET uri=/v1/users
time=2025-11-13T01:00:30.011-06:00 level=INFO msg="Shutting down server" signal=interrupt
time=2025-11-13T01:00:30.012-06:00 level=INFO msg="Completing background tasks" address=:4000
time=2025-11-13T01:00:30.012-06:00 level=INFO msg="Server stopped" addr=:4000
time=2025-11-13T01:00:32.803-06:00 level=INFO msg="Starting server" address=:4000 env=development
time=2025-11-13T01:05:10.624-06:00 level=INFO msg="Shutting down server" signal=interrupt
time=2025-11-13T01:05:10.625-06:00 level=INFO msg="Completing background tasks" address=:4000
time=2025-11-13T01:05:10.625-06:00 level=INFO msg="Server stopped" addr=:4000
time=2025-11-13T01:05:14.208-06:00 level=INFO msg="Starting server" address=:4000 env=development
time=2025-11-13T01:07:05.619-06:00 level=INFO msg="Shutting down server" signal=interrupt
time=2025-11-13T01:07:05.619-06:00 level=INFO msg="Completing background tasks" address=:4000
time=2025-11-13T01:07:05.619-06:00 level=INFO msg="Server stopped" addr=:4000
time=2025-11-13T01:07:08.787-06:00 level=INFO msg="Starting server" address=:4000 env=development
time=2025-11-13T01:10:00.707-06:00 level=INFO msg="Shutting down server" signal=interrupt
time=2025-11-13T01:10:00.707-06:00 level=INFO msg="Completing background tasks" address=:4000
time=2025-11-13T01:10:00.708-06:00 level=INFO msg="Server stopped" addr=:4000
time=2025-11-26T10:01:02.655-06:00 level=INFO msg="Starting server" address=:4000 env=development
time=2025-11-26T10:36:36.079-06:00 level=INFO msg="Activating user" user_id=1 username=lee2ed email=lee.14.panti@gmail.com
time=2025-11-26T10:49:07.032-06:00 level=INFO msg="Shutting down server" signal=interrupt
time=2025-11-26T10:49:07.032-06:00 level=INFO msg="Completing background tasks" address=:4000
time=2025-11-26T10:49:07.032-06:00 level=INFO msg="Server stopped" addr=:4000
time=2025-11-26T10:49:16.544-06:00 level=INFO msg="Starting server" address=:4000 env=development
time=2025-11-26T10:53:59.071-06:00 level=INFO msg="Shutting down server" signal=interrupt
time=2025-11-26T10:53:59.072-06:00 level=INFO msg="Completing background tasks" address=:4000
time=2025-11-26T10:53:59.072-06:00 level=INFO msg="Server stopped" addr=:4000
time=2025-11-26T10:54:01.916-06:00 level=INFO msg="Starting server" address=:4000 env=development
time=2025-11-26T10:58:03.827-06:00 level=INFO msg="Shutting down server" signal=interrupt
time=2025-11-26T10:58:03.827-06:00 level=INFO msg="Completing background tasks" address=:4000
time=2025-11-26T10:58:03.827-06:00 level=INFO msg="Server stopped" addr=:4000
time=2025-11-26T10:58:06.882-06:00 level=INFO msg="Starting server" address=:4000 env=development
time=2025-11-26T10:59:37.454-06:00 level=INFO msg="Activating user" user_id=2 username=Lee2ed email=lee.14.panti@gmail.com
time=2025-11-26T11:01:39.358-06:00 level=INFO msg="Activating user" user_id=3 username=lee email=leepanti2018@gmail.com
time=2025-11-26T12:50:07.567-06:00 level=INFO msg="Shutting down server" signal=interrupt
time=2025-11-26T12:50:07.567-06:00 level=INFO msg="Completing background tasks" address=:4000
time=2025-11-26T12:50:07.567-06:00 level=INFO msg="Server stopped" addr=:4000
time=2025-11-26T12:58:50.092-06:00 level=INFO msg="Starting server" address=:4000 env=development
time=2025-11-26T13:01:41.519-06:00 level=INFO msg="Shutting down server" signal=interrupt
time=2025-11-26T13:01:41.520-06:00 level=INFO msg="Completing background tasks" address=:4000
time=2025-11-26T13:01:41.520-06:00 level=INFO msg="Server stopped" addr=:4000
time=2025-11-26T13:01:46.036-06:00 level=INFO msg="Starting server" address=:4000 env=development
time=2025-11-26T13:25:36.582-06:00 level=INFO msg="Shutting down server" signal=interrupt
time=2025-11-26T13:25:36.582-06:00 level=INFO msg="Completing background tasks" address=:4000
time=2025-11-26T13:25:36.582-06:00 level=INFO msg="Server stopped" addr=:4000
time=2025-11-26T13:29:20.333-06:00 level=INFO msg="Starting server" address=:4000 env=development
time=2025-11-26T13:29:21.996-06:00 level=INFO msg="Shutting down server" signal=interrupt
time=2025-11-26T13:29:21.997-06:00 level=INFO msg="Completing background tasks" address=:4000
time=2025-11-26T13:29:21.997-06:00 level=INFO msg="Server stopped" addr=:4000
time=2025-11-26T13:32:18.103-06:00 level=INFO msg="Starting server" address=:4000 env=development
time=2025-11-26T13:32:24.455-06:00 level=INFO msg="Shutting down server" signal=interrupt
time=2025-11-26T13:32:24.455-06:00 level=INFO msg="Completing background tasks" address=:4000
time=2025-11-26T13:32:24.455-06:00 level=INFO msg="Server stopped" addr=:4000
time=2025-11-26T13:35:52.514-06:00 level=INFO msg="Starting server" address=:4000 env=development
time=2025-11-26T13:35:54.653-06:00 level=INFO msg="Shutting down server" signal=interrupt
time=2025-11-26T13:35:54.654-06:00 level=INFO msg="Completing background tasks" address=:4000
time=2025-11-26T13:35:54.654-06:00 level=INFO msg="Server stopped" addr=:4000
time=2025-11-26T13:35:59.895-06:00 level=INFO msg="Starting server" address=:4000 env=development
time=2025-11-26T14:34:03.722-06:00 level=ERROR msg="failed to insert teacher" error="pq: duplicate key value violates unique constraint \"teachers_user_id_key\""
time=2025-11-26T14:34:03.723-06:00 level=ERROR msg="pq: duplicate key value violates unique constraint \"teachers_user_id_key\"" method=POST uri=/v1/teachers
time=2025-11-26T14:42:24.034-06:00 level=ERROR msg="failed to insert teacher" error="pq: duplicate key value violates unique constraint \"teachers_user_id_key\""
time=2025-11-26T14:42:24.034-06:00 level=ERROR msg="pq: duplicate key value violates unique constraint \"teachers_user_id_key\"" method=POST uri=/v1/teachers
time=2025-11-26T14:48:06.430-06:00 level=ERROR msg="sql: Scan error on column index 6, name \"ssn\": converting NULL to string is unsupported" method=GET uri=/v1/teacher/user/3
time=2025-11-26T14:48:08.342-06:00 level=ERROR msg="sql: Scan error on column index 6, name \"ssn\": converting NULL to string is unsupported" method=GET uri=/v1/teacher/user/3
time=2025-11-26T14:48:09.404-06:00 level=ERROR msg="sql: Scan error on column index 6, name \"ssn\": converting NULL to string is unsupported" method=GET uri=/v1/teacher/user/3
time=2025-11-26T14:48:12.583-06:00 level=ERROR msg="sql: Scan error on column index 6, name \"ssn\": converting NULL to string is unsupported" method=GET uri=/v1/teacher/user/3
time=2025-11-26T14:48:36.504-06:00 level=ERROR msg="sql: Scan error on column index 6, name \"ssn\": converting NULL to string is unsupported" method=GET uri=/v1/teacher/user/3
time=2025-11-26T14:48:38.469-06:00 level=ERROR msg="sql: Scan error on column index 6, name \"ssn\": converting NULL to string is unsupported" method=GET uri=/v1/teacher/user/3
time=2025-11-26T14:48:59.045-06:00 level=ERROR msg="sql: Scan error on column index 6, name \"ssn\": converting NULL to string is unsupported" method=GET uri=/v1/teacher/user/3
time=2025-11-26T14:49:30.208-06:00 level=ERROR msg="sql: Scan error on column index 6, name \"ssn\": converting NULL to string is unsupported" method=GET uri=/v1/teacher/user/3
time=2025-11-26T14:50:31.355-06:00 level=ERROR msg="sql: Scan error on column index 6, name \"ssn\": converting NULL to string is unsupported" method=GET uri=/v1/teacher/user/3
time=2025-11-26T15:12:24.054-06:00 level=INFO msg="Shutting down server" signal=interrupt
time=2025-11-26T15:12:24.054-06:00 level=INFO msg="Completing background tasks" address=:4000
time=2025-11-26T15:12:24.054-06:00 level=INFO msg="Server stopped" addr=:4000
time=2025-11-26T15:12:26.716-06:00 level=INFO msg="Starting server" address=:4000 env=development
time=2025-11-26T15:16:10.799-06:00 level=INFO msg="Shutting down server" signal=interrupt
time=2025-11-26T15:16:10.799-06:00 level=INFO msg="Completing background tasks" address=:4000
time=2025-11-26T15:16:10.799-06:00 level=INFO msg="Server stopped" addr=:4000
time=2025-11-26T15:16:14.124-06:00 level=INFO msg="Starting server" address=:4000 env=development
time=2025-11-26T15:16:51.380-06:00 level=INFO msg="Shutting down server" signal=interrupt
time=2025-11-26T15:16:51.381-06:00 level=INFO msg="Completing background tasks" address=:4000
time=2025-11-26T15:16:51.381-06:00 level=INFO msg="Server stopped" addr=:4000
time=2025-11-26T15:16:53.904-06:00 level=INFO msg="Starting server" address=:4000 env=development
